2026-09-21 16:17:20,496 INFO run_id full_20260921_161720 member Poushali_Purkayastha task task2_sentiment models baseline
2026-09-21 16:17:20,496 INFO config task2_sentiment/Poushali_Purkayastha/src/configs/full.yaml {"run_name": "full", "is_final": true, "seed": 20, "data": {"hf_dataset": "fancyzhx/yelp_polarity", "eda_rows": null, "n_train": 100000, "n_val": 10000, "n_test": null, "max_len": 256, "vocab_size": 20000, "min_freq": 2, "remove_stopwords": true, "keep_negations": true, "stem": true}, "models": {"baseline": {"type": "mean_mlp", "embed_dim": 128, "hidden_dim": 128, "dropout": 0.3, "lr": 0.001, "epochs": 4, "batch_size": 256}, "textcnn": {"type": "textcnn", "embed_dim": 128, "n_filters": 100, "kernel_sizes": [3, 4, 5], "dropout": 0.5, "lr": 0.001, "epochs": 4, "batch_size": 256}, "bilstm": {"type": "bilstm", "embed_dim": 128, "hidden_dim": 128, "n_layers": 1, "dropout": 0.3, "lr": 0.001, "epochs": 4, "batch_size": 256}}, "train": {"weight_decay": 0.0, "grad_clip": 1.0, "amp": true, "log_interval": 50, "eval_batch_size": 1024}, "evaluation": {"baseline": "baseline", "bootstrap_samples": 1000, "ece_bins": 10, "error_review_model": "bilstm", "n_review_per_group": 5, "slice_min_support": 200}}
2026-09-21 16:17:20,496 INFO hardware {"platform": "Windows-11-10.0.26200-SP0", "python": "3.12.10", "torch": "2.14.0+cpu", "cpu": "Intel64 Family 6 Model 140 Stepping 1, GenuineIntel", "cpu_cores": 8, "ram_gb": 16.9, "cuda_available": false, "cuda_version": null, "gpus": [], "nvidia_smi": "no gpu"}
2026-09-21 16:17:20,496 INFO git {"commit": "3ce84b78d08bcba1ceb0b85d0e1046432790631b", "branch": "main", "dirty": true}
2026-09-21 16:17:24,028 INFO official splits: train 560000 test 38000 columns ['text', 'label']
2026-09-21 16:18:09,304 INFO eda train rows 560000 positive fraction 0.5000 words median 97 p95 372 p99 608 malformed {"missing_or_non_string": 0, "empty_or_whitespace": 0, "labels_outside_0_1": 0, "duplicate_texts": 0}
2026-09-21 16:18:09,304 INFO eda test rows 38000 positive fraction 0.5000 words median 97 p95 367 p99 603 malformed {"missing_or_non_string": 0, "empty_or_whitespace": 0, "labels_outside_0_1": 0, "duplicate_texts": 0}
2026-09-21 16:18:51,145 INFO tokenized train 100000 val 10000 test 38000, stem cache 114431 words
2026-09-21 16:19:07,184 INFO prepared data {"source": "fancyzhx/yelp_polarity", "seed": 20, "official_train_rows": 560000, "official_test_rows": 38000, "n_train": 100000, "n_val": 10000, "n_test": 38000, "train_class_counts": {"negative": 49555, "positive": 50445}, "val_class_counts": {"negative": 5046, "positive": 4954}, "test_class_counts": {"negative": 19000, "positive": 19000}, "preprocessing": {"lowercase": true, "literal_newlines_replaced": true, "punctuation_and_special_characters_removed": true, "apostrophes_kept_inside_words": true, "remove_stopwords": true, "keep_negations": true, "stemmer": "snowball_english"}, "max_len": 256, "vocab_size": 20000, "min_freq": 2, "train_encoding": {"unk_rate": 0.010102977907756253, "truncated_fraction": 0.0217, "mean_tokens": 68.88662}, "val_encoding": {"unk_rate": 0.011432581094550734, "truncated_fraction": 0.0209, "mean_tokens": 68.1211}, "test_encoding": {"unk_rate": 0.011426799678738777, "truncated_fraction": 0.021026315789473685, "mean_tokens": 68.5783947368421}}
2026-09-21 16:19:08,387 INFO data meta {"source": "fancyzhx/yelp_polarity", "seed": 20, "official_train_rows": 560000, "official_test_rows": 38000, "n_train": 100000, "n_val": 10000, "n_test": 38000, "train_class_counts": {"negative": 49555, "positive": 50445}, "val_class_counts": {"negative": 5046, "positive": 4954}, "test_class_counts": {"negative": 19000, "positive": 19000}, "preprocessing": {"lowercase": true, "literal_newlines_replaced": true, "punctuation_and_special_characters_removed": true, "apostrophes_kept_inside_words": true, "remove_stopwords": true, "keep_negations": true, "stemmer": "snowball_english"}, "max_len": 256, "vocab_size": 20000, "min_freq": 2, "train_encoding": {"unk_rate": 0.010102977907756253, "truncated_fraction": 0.0217, "mean_tokens": 68.88662}, "val_encoding": {"unk_rate": 0.011432581094550734, "truncated_fraction": 0.0209, "mean_tokens": 68.1211}, "test_encoding": {"unk_rate": 0.011426799678738777, "truncated_fraction": 0.021026315789473685, "mean_tokens": 68.5783947368421}}
2026-09-21 16:19:11,387 INFO baseline device cpu amp False params 2576641 config {"type": "mean_mlp", "embed_dim": 128, "hidden_dim": 128, "dropout": 0.3, "lr": 0.001, "epochs": 4, "batch_size": 256}
2026-09-21 16:19:11,387 INFO baseline train 100000 val 10000 test 38000 steps/epoch 391 total steps 1564
2026-09-21 16:19:11,443 INFO baseline epoch 1 step 1/1564 loss 0.6989 grad_norm 0.063
2026-09-21 16:19:13,801 INFO baseline epoch 1 step 50/1564 loss 0.5862 grad_norm 0.146
2026-09-21 16:19:16,026 INFO baseline epoch 1 step 100/1564 loss 0.3751 grad_norm 0.102
2026-09-21 16:19:18,208 INFO baseline epoch 1 step 150/1564 loss 0.3193 grad_norm 0.086
2026-09-21 16:19:20,393 INFO baseline epoch 1 step 200/1564 loss 0.2769 grad_norm 0.083
2026-09-21 16:19:22,483 INFO baseline epoch 1 step 250/1564 loss 0.2815 grad_norm 0.092
2026-09-21 16:19:24,642 INFO baseline epoch 1 step 300/1564 loss 0.2845 grad_norm 0.088
2026-09-21 16:19:26,993 INFO baseline epoch 1 step 350/1564 loss 0.2287 grad_norm 0.100
2026-09-21 16:19:29,563 INFO baseline epoch 1 done train_loss 0.3596 val_loss 0.2366 val_acc 0.9072 val_macro_f1 0.9072 time 17.5s examples/sec 5714
2026-09-21 16:19:30,572 INFO baseline epoch 2 step 400/1564 loss 0.2291 grad_norm 0.093
2026-09-21 16:19:33,021 INFO baseline epoch 2 step 450/1564 loss 0.3006 grad_norm 0.127
2026-09-21 16:19:35,351 INFO baseline epoch 2 step 500/1564 loss 0.1935 grad_norm 0.089
2026-09-21 16:19:37,653 INFO baseline epoch 2 step 550/1564 loss 0.2814 grad_norm 0.109
2026-09-21 16:19:39,988 INFO baseline epoch 2 step 600/1564 loss 0.2132 grad_norm 0.105
2026-09-21 16:19:42,453 INFO baseline epoch 2 step 650/1564 loss 0.2294 grad_norm 0.087
2026-09-21 16:19:44,970 INFO baseline epoch 2 step 700/1564 loss 0.2084 grad_norm 0.085
2026-09-21 16:19:47,438 INFO baseline epoch 2 step 750/1564 loss 0.1430 grad_norm 0.085
2026-09-21 16:19:49,753 INFO baseline epoch 2 done train_loss 0.2168 val_loss 0.2072 val_acc 0.9184 val_macro_f1 0.9184 time 18.9s examples/sec 5294
2026-09-21 16:19:51,353 INFO baseline epoch 3 step 800/1564 loss 0.2085 grad_norm 0.077
2026-09-21 16:19:53,742 INFO baseline epoch 3 step 850/1564 loss 0.1740 grad_norm 0.086
2026-09-21 16:19:56,267 INFO baseline epoch 3 step 900/1564 loss 0.2094 grad_norm 0.103
2026-09-21 16:19:58,466 INFO baseline epoch 3 step 950/1564 loss 0.1254 grad_norm 0.088
2026-09-21 16:20:00,811 INFO baseline epoch 3 step 1000/1564 loss 0.2066 grad_norm 0.143
2026-09-21 16:20:03,137 INFO baseline epoch 3 step 1050/1564 loss 0.1474 grad_norm 0.075
2026-09-21 16:20:05,585 INFO baseline epoch 3 step 1100/1564 loss 0.1752 grad_norm 0.108
2026-09-21 16:20:07,785 INFO baseline epoch 3 step 1150/1564 loss 0.1221 grad_norm 0.087
2026-09-21 16:20:09,250 INFO baseline epoch 3 done train_loss 0.1857 val_loss 0.2006 val_acc 0.9200 val_macro_f1 0.9200 time 18.3s examples/sec 5458
2026-09-21 16:20:11,322 INFO baseline epoch 4 step 1200/1564 loss 0.1702 grad_norm 0.092
2026-09-21 16:20:13,390 INFO baseline epoch 4 step 1250/1564 loss 0.2334 grad_norm 0.123
2026-09-21 16:20:15,448 INFO baseline epoch 4 step 1300/1564 loss 0.1433 grad_norm 0.089
2026-09-21 16:20:17,545 INFO baseline epoch 4 step 1350/1564 loss 0.1391 grad_norm 0.099
2026-09-21 16:20:19,599 INFO baseline epoch 4 step 1400/1564 loss 0.1730 grad_norm 0.091
2026-09-21 16:20:21,686 INFO baseline epoch 4 step 1450/1564 loss 0.1538 grad_norm 0.106
2026-09-21 16:20:23,887 INFO baseline epoch 4 step 1500/1564 loss 0.1708 grad_norm 0.087
2026-09-21 16:20:25,895 INFO baseline epoch 4 step 1550/1564 loss 0.1626 grad_norm 0.072
2026-09-21 16:20:27,016 INFO baseline epoch 4 done train_loss 0.1684 val_loss 0.1996 val_acc 0.9199 val_macro_f1 0.9199 time 16.3s examples/sec 6119
2026-09-21 16:20:32,634 INFO baseline accuracy 0.9236 macro-F1 0.9236 MCC 0.8471 ROC-AUC 0.9746 ECE 0.0064
2026-09-21 16:20:32,636 INFO no predictions for textcnn, skipped
2026-09-21 16:20:32,636 INFO no predictions for bilstm, skipped
2026-09-21 16:20:32,683 INFO error review candidates for baseline: 20 rows, worst slice {"slice": "has_exclamation=0", "support": 20364, "macro_f1": 0.910587685467108, "error_rate": 0.08721272834413674}
2026-09-21 16:20:33,821 INFO manifest reproducibility/manifests/Poushali_Purkayastha_task2_sentiment_full_20260921_161720.json
2026-09-21 16:20:33,821 INFO run finished in 193.5 sec
