[2026-09-26T06:10:12] RUN_ID 20260926_061012 | python 3.13.15 | torch 2.11.0+cu128 | device cuda (Tesla T4)
[2026-09-26T06:10:12] nvidia-smi:
Sat Sep 26 06:10:12 2026       
+-----------------------------------------------------------------------------------------+
| NVIDIA-SMI 580.82.07              Driver Version: 580.82.07      CUDA Version: 13.0     |
+-----------------------------------------+------------------------+----------------------+
| GPU  Name                 Persistence-M | Bus-Id          Disp.A | Volatile Uncorr. ECC |
| Fan  Temp   Perf          Pwr:Usage/Cap |           Memory-Usage | GPU-Util  Compute M. |
|                                         |                        |               MIG M. |
|=========================================+========================+======================|
|   0  Tesla T4                       Off |   00000000:00:04.0 Off |                    0 |
| N/A   40C    P8             10W /   70W |       3MiB /  15360MiB |      0%      Default |
|                                         |                        |                  N/A |
+-----------------------------------------+------------------------+----------------------+

+-----------------------------------------------------------------------------------------+
| Processes:                                                                              |
|  GPU   GI   CI              PID   Type   Process name                        GPU Memory |
|        ID   ID                                                               Usage      |
|=========================================================================================|
|  No running processes found                                                             |
+-----------------------------------------------------------------------------------------+
[2026-09-26T06:10:12] CPU: Model name:                              Intel(R) Xeon(R) CPU @ 2.00GHz | 2 cores
[2026-09-26T06:10:12] CONFIG {"member": "Sadaf_Fatima_Syeda", "seed": 266, "n_train": 100000, "n_val": 5000, "test": "official", "max_len": 256, "max_vocab": 20000, "min_freq": 2, "batch_size": 64, "lemmatize": true, "slices": {"short_max_words": 50, "long_min_words": 150}, "models": {"Baseline": {"embed_dim": 128, "lr": 0.001, "epochs": 3}, "BiGRU_Attention": {"embed_dim": 128, "hidden_dim": 64, "lr": 0.001, "epochs": 3}, "Transformer_Encoder": {"embed_dim": 128, "n_head": 4, "n_layer": 2, "dropout": 0.1, "lr": 0.0005, "epochs": 3}}, "n_bootstrap": 1000, "ece_bins": 15}
[2026-09-26T06:11:00] full train 560,000 | official test 38,000
[2026-09-26T06:11:00] my train subset 100,000 (seed 266) | test 38,000
[2026-09-26T06:11:11] EDA {"test": {"n": 38000, "class_counts": {"negative": 19000, "positive": 19000}, "positive_share": 0.5, "non_string": 0, "empty": 0, "literal_escape_sequences": 20219, "contains_url": 180, "non_ascii": 0, "duplicates": 0, "words_mean": 132.6, "words_median": 97, "words_p95": 367, "words_max": 1007, "share_over_256_words": 0.1221}, "train": {"n": 100000, "class_counts": {"negative": 50216, "positive": 49784}, "positive_share": 0.4978, "non_string": 0, "empty": 0, "literal_escape_sequences": 53498, "contains_url": 422, "non_ascii": 0, "duplicates": 0, "words_mean": 133.2, "words_median": 97, "words_p95": 373, "words_max": 1015, "share_over_256_words": 0.1223}}
[2026-09-26T06:11:34] preprocessed 138,000 reviews in 16s | stopwords=nltk (177 words, negations kept) | lemmatizer=wordnet
[2026-09-26T06:11:34] example raw  : 'Sorry, but I have to do this.\\n\\nI have had good sushi experiences so many times at this place, but one near-death event really helps to wipe those memories away.\\n\\nI got food poisoning from the sush'
[2026-09-26T06:11:34] example clean: 'sorry good sushi experience many time place one near death event really help wipe memory away got food poisoning sushi bar know sushi bar thing eaten day toast time finished roll stomach already starting feel weird contaminated stuff cause body'
[2026-09-26T06:11:34] reviews empty after cleaning: 6 (mapped to a single <UNK>)
[2026-09-26T06:11:35] vocab 20,000 (from 78,454 unique train tokens, min_freq 2)
[2026-09-26T06:11:39] train 95,000 | val 5,000 | test 38,000 | test reviews truncated at 256: 2.06%
[2026-09-26T06:11:42] slice sizes: {"short (<= 50 words)": 9362, "medium (51-149)": 16853, "long (>= 150 words)": 11785, "contains negation": 28514, "truncated (> 256 tokens)": 782}
[2026-09-26T06:11:48] === Baseline | params 2,560,258 | cfg {'embed_dim': 128, 'lr': 0.001, 'epochs': 3} | device Tesla T4
[2026-09-26T06:11:53] Baseline epoch 1 | train loss 0.4721 | val loss 0.3237 | val acc 0.8612
[2026-09-26T06:11:58] Baseline epoch 2 | train loss 0.2721 | val loss 0.2497 | val acc 0.8994
[2026-09-26T06:12:03] Baseline epoch 3 | train loss 0.2180 | val loss 0.2257 | val acc 0.9078
[2026-09-26T06:12:04] Baseline done | 14.9s | 19091 train ex/s | 35314 infer ex/s | peak 74 MB | best epoch 3
[2026-09-26T06:12:04] === BiGRU_Attention | params 2,634,883 | cfg {'embed_dim': 128, 'hidden_dim': 64, 'lr': 0.001, 'epochs': 3} | device Tesla T4
[2026-09-26T06:12:52] BiGRU_Attention epoch 1 | train loss 0.2439 | val loss 0.1765 | val acc 0.9302
[2026-09-26T06:13:39] BiGRU_Attention epoch 2 | train loss 0.1400 | val loss 0.1616 | val acc 0.9344
[2026-09-26T06:14:23] BiGRU_Attention epoch 3 | train loss 0.0964 | val loss 0.1718 | val acc 0.9364
[2026-09-26T06:14:29] BiGRU_Attention done | 139.3s | 2046 train ex/s | 6514 infer ex/s | peak 112 MB | best epoch 3
[2026-09-26T06:14:29] === Transformer_Encoder | params 2,989,058 | cfg {'embed_dim': 128, 'n_head': 4, 'n_layer': 2, 'dropout': 0.1, 'lr': 0.0005, 'epochs': 3} | device Tesla T4
[2026-09-26T06:15:34] Transformer_Encoder epoch 1 | train loss 0.3481 | val loss 0.2535 | val acc 0.8976
[2026-09-26T06:16:38] Transformer_Encoder epoch 2 | train loss 0.2288 | val loss 0.2100 | val acc 0.9144
[2026-09-26T06:17:42] Transformer_Encoder epoch 3 | train loss 0.1917 | val loss 0.1999 | val acc 0.9232
[2026-09-26T06:17:51] Transformer_Encoder done | 193.0s | 1476 train ex/s | 4345 infer ex/s | peak 613 MB | best epoch 3
[2026-09-26T06:18:19] METRICS [{"Model":"Baseline","Device":"Tesla T4","Best_Epoch":3,"Accuracy":0.904,"Precision_macro":0.9040006446,"Recall_macro":0.904,"F1_macro":0.9039999617,"Precision_micro":0.904,"Recall_micro":0.904,"F1_micro":0.904,"Precision_weighted":0.9040006446,"Recall_weighted":0.904,"F1_weighted":0.9039999617,"CM_TN":17164,"CM_FP":1836,"CM_FN":1812,"CM_TP":17188,"ROC_AUC":0.968008723,"PR_AUC":0.9692920578,"MCC":0.8080006446,"Brier":0.069310296,"ECE":0.004081171,"Accuracy_CI95_low":0.9010789474,"Accuracy_CI95_high":0.9066322368,"F1_macro_CI95_low":0.9010788776,"F1_macro_CI95_high":0.9066290498,"MCC_CI95_low":0.8021592596,"MCC_CI95_high":0.8132633748,"McNemar_b":null,"McNemar_c":null,"McNemar_stat":null,"McNemar_p":null,"Params":2560258,"Train_Time_s":14.928150177,"Train_Examples_per_s":19091.447809727,"Inference_Examples_per_s":35313.8654238921,"Peak_Memory_MB":74.4775390625},{"Model":"BiGRU_Attention","Device":"Tesla T4","Best_Epoch":3,"Accuracy":0.934,"Precision_macro":0.934524318,"Recall_macro":0.934,"F1_macro":0.9339800843,"Precision_micro":0.934,"Recall_micro":0.934,"F1_micro":0.934,"Precision_weighted":0.934524318,"Recall_weighted":0.934,"F1_weighted":0.9339800843,"CM_TN":17416,"CM_FP":1584,"CM_FN":924,"CM_TP":18076,"ROC_AUC":0.984194759,"PR_AUC":0.9847917973,"MCC":0.8685241597,"Brier":0.0491561201,"ECE":0.0192690292,"Accuracy_CI95_low":0.9315526316,"Accuracy_CI95_high":0.9364736842,"F1_macro_CI95_low":0.9315241701,"F1_macro_CI95_high":0.9364480695,"MCC_CI95_low":0.8637072307,"MCC_CI95_high":0.8734117195,"McNemar_b":1093.0,"McNemar_c":2233.0,"McNemar_stat":390.0544197234,"McNemar_p":8.0543412e-87,"Params":2634883,"Train_Time_s":139.3251492977,"Train_Examples_per_s":2045.5746965754,"Inference_Examples_per_s":6514.2674318165,"Peak_Memory_MB":111.9770507812},{"Model":"Transformer_Encoder","Device":"Tesla T4","Best_Epoch":3,"Accuracy":0.9216315789,"Precision_macro":0.9221440501,"Recall_macro":0.9216315789,"F1_macro":0.9216077875,"Precision_micro":0.9216315789,"Recall_micro":0.9216315789,"F1_micro":0.9216315789,"Precision_weighted":0.9221440501,"Recall_weighted":0.9216315789,"F1_weighted":0.9216077875,"CM_TN":17842,"CM_FP":1158,"CM_FN":1820,"CM_TP":17180,"ROC_AUC":0.9775928407,"PR_AUC":0.9785848696,"MCC":0.8437754735,"Brier":0.0583707822,"ECE":0.0211427211,"Accuracy_CI95_low":0.9190789474,"Accuracy_CI95_high":0.9242118421,"F1_macro_CI95_low":0.9190663075,"F1_macro_CI95_high":0.9241985047,"MCC_CI95_low":0.8386693227,"MCC_CI95_high":0.8489469147,"McNemar_b":1067.0,"McNemar_c":1737.0,"McNemar_stat":159.615192582,"McNemar_p":1.373171357e-36,"Params":2989058,"Train_Time_s":193.0309500694,"Train_Examples_per_s":1476.4471702465,"Inference_Examples_per_s":4344.5491420443,"Peak_Memory_MB":612.8090820312}]
[2026-09-26T06:18:19] SLICES [{"Model":"Baseline","Slice":"short (<= 50 words)","N":9362,"Macro_F1":0.9001833786,"Error_Rate":0.0958128605},{"Model":"Baseline","Slice":"medium (51-149)","N":16853,"Macro_F1":0.9059005525,"Error_Rate":0.0940485374},{"Model":"Baseline","Slice":"long (>= 150 words)","N":11785,"Macro_F1":0.8973419601,"Error_Rate":0.0989393297},{"Model":"Baseline","Slice":"contains negation","N":28514,"Macro_F1":0.8955733139,"Error_Rate":0.1011783685},{"Model":"Baseline","Slice":"truncated (> 256 tokens)","N":782,"Macro_F1":0.8557160849,"Error_Rate":0.1176470588},{"Model":"BiGRU_Attention","Slice":"short (<= 50 words)","N":9362,"Macro_F1":0.9319634803,"Error_Rate":0.0651570177},{"Model":"BiGRU_Attention","Slice":"medium (51-149)","N":16853,"Macro_F1":0.9368897648,"Error_Rate":0.0630154869},{"Model":"BiGRU_Attention","Slice":"long (>= 150 words)","N":11785,"Macro_F1":0.9271302293,"Error_Rate":0.0709376326},{"Model":"BiGRU_Attention","Slice":"contains negation","N":28514,"Macro_F1":0.9296817498,"Error_Rate":0.0685978817},{"Model":"BiGRU_Attention","Slice":"truncated (> 256 tokens)","N":782,"Macro_F1":0.8805897219,"Error_Rate":0.1023017903},{"Model":"Transformer_Encoder","Slice":"short (<= 50 words)","N":9362,"Macro_F1":0.918407703,"Error_Rate":0.0792565691},{"Model":"Transformer_Encoder","Slice":"medium (51-149)","N":16853,"Macro_F1":0.9232776467,"Error_Rate":0.0767222453},{"Model":"Transformer_Encoder","Slice":"long (>= 150 words)","N":11785,"Macro_F1":0.9170226263,"Error_Rate":0.0800169707},{"Model":"Transformer_Encoder","Slice":"contains negation","N":28514,"Macro_F1":0.9139817246,"Error_Rate":0.0828365014},{"Model":"Transformer_Encoder","Slice":"truncated (> 256 tokens)","N":782,"Macro_F1":0.8996285808,"Error_Rate":0.0818414322}]
[2026-09-26T06:18:22] error review sheet: BiGRU_Attention, worst slice = truncated (> 256 tokens), 20 rows
[2026-09-26T06:18:26] manifest -> reproducibility/manifests/task2_sadaf_20260926_061012.json
[2026-09-26T06:18:26] files: {"src": [], "checkpoints": ["Baseline.pt", "BiGRU_Attention.pt", "Transformer_Encoder.pt"], "outputs": ["Baseline_test_probs.npy", "BiGRU_Attention_test_probs.npy", "Transformer_Encoder_test_probs.npy", "calibration_roc_pr.png", "config.json", "confusion_matrices.png", "eda.png", "eda_summary.json", "error_review_BiGRU_Attention.csv", "slice_metrics.csv", "training_curves.png", "training_history.csv"], "data_processed": ["encoded.npz", "preprocessing.json", "vocab.json"]}
[2026-09-26T06:18:37] dataset zip: task2_sadaf_yelp_data_20260926_061012.zip (56.7 MB)
[2026-09-26T06:19:01] uploaded to Drive: /content/drive/MyDrive/DATA266_Lab1_Data/task2_sadaf_yelp_data_20260926_061012.zip
