[2026-09-27T18:19:06] RUN_ID 20260927_181844 | python 3.13.15 | torch 2.11.0+cu128 | device cuda (Tesla T4)
[2026-09-27T18:19:06] nvidia-smi:
Sun Sep 27 18:19:06 2026       
+-----------------------------------------------------------------------------------------+
| NVIDIA-SMI 580.82.07              Driver Version: 580.82.07      CUDA Version: 13.0     |
+-----------------------------------------+------------------------+----------------------+
| GPU  Name                 Persistence-M | Bus-Id          Disp.A | Volatile Uncorr. ECC |
| Fan  Temp   Perf          Pwr:Usage/Cap |           Memory-Usage | GPU-Util  Compute M. |
|                                         |                        |               MIG M. |
|=========================================+========================+======================|
|   0  Tesla T4                       Off |   00000000:00:04.0 Off |                    0 |
| N/A   50C    P8             12W /   70W |       3MiB /  15360MiB |      0%      Default |
|                                         |                        |                  N/A |
+-----------------------------------------+------------------------+----------------------+

+-----------------------------------------------------------------------------------------+
| Processes:                                                                              |
|  GPU   GI   CI              PID   Type   Process name                        GPU Memory |
|        ID   ID                                                               Usage      |
|=========================================================================================|
|  No running processes found                                                             |
+-----------------------------------------------------------------------------------------+
[2026-09-27T18:19:06] CPU: Model name:                              Intel(R) Xeon(R) CPU @ 2.00GHz | 2 cores
[2026-09-27T18:19:06] Drive checkpoint folder: /content/drive/MyDrive/DATA266_Lab1_Checkpoints/Task3_Sadaf/full
[2026-09-27T18:19:06] CONFIG {"member": "Sadaf_Fatima_Syeda", "seed": 266, "run_tag": "full", "img_size": 256, "load_size": 286, "n_holdout": 300, "n_audit": 30, "ngf": 48, "num_downs": 8, "max_mult": 8, "ndf": 64, "d_layers": 2, "gan_loss": "bce", "lambda_cycle": 8.0, "lambda_identity": 0.0, "lr": 0.0002, "betas": [0.5, 0.999], "batch_size": 1, "total_steps": 20000, "time_budget_min": 120, "pool_size": 50, "amp": true, "log_every": 50, "sample_every": 1000, "ckpt_every": 1000, "n_eval": 300, "gen_all_photos": true}
[2026-09-27T18:20:00] Monet 300 | photos 7038 -> train 6738, holdout 300 | audit 30 | image sizes {(256, 256)}
[2026-09-27T18:23:06] train transform: resize 286 -> crop 256 -> flip | test: resize 256
[2026-09-27T18:24:47] params {"G_AB": 30604035, "G_BA": 30604035, "D_A": 662593, "D_B": 662593, "total": 62533256} | D output map (1, 1, 62, 62)
[2026-09-27T18:25:50] training from step 0 to 20000 | amp True
[2026-09-27T18:25:55] step 50/20000 | G 6.819 (gan 0.769/0.769, cyc 0.660, idt 1.219) | D_A 0.698 D_B 0.695 | gnorm G inf D 3.70 | lr 2.00e-04
[2026-09-27T18:25:59] step 100/20000 | G 5.523 (gan 0.716/0.741, cyc 0.508, idt 1.187) | D_A 0.663 D_B 0.659 | gnorm G 12.68 D 3.62 | lr 2.00e-04
[2026-09-27T18:26:03] step 150/20000 | G 5.363 (gan 0.711/0.709, cyc 0.493, idt 1.511) | D_A 0.667 D_B 0.667 | gnorm G 14.77 D 3.33 | lr 2.00e-04
[2026-09-27T18:26:07] step 200/20000 | G 5.288 (gan 0.740/0.732, cyc 0.477, idt 1.256) | D_A 0.655 D_B 0.660 | gnorm G 16.21 D 3.90 | lr 2.00e-04
[2026-09-27T18:26:07] benchmark 0.084 s/step (11.9 steps/s) -> total_steps 20000 (~28 min)
[2026-09-27T18:26:11] step 250/20000 | G 4.962 (gan 0.730/0.724, cyc 0.439, idt 1.436) | D_A 0.668 D_B 0.663 | gnorm G 14.36 D 3.58 | lr 2.00e-04
[2026-09-27T18:26:15] step 300/20000 | G 4.711 (gan 0.748/0.721, cyc 0.405, idt 1.124) | D_A 0.680 D_B 0.658 | gnorm G 12.75 D 3.76 | lr 2.00e-04
[2026-09-27T18:26:19] step 350/20000 | G 4.413 (gan 0.768/0.734, cyc 0.364, idt 1.363) | D_A 0.664 D_B 0.654 | gnorm G 13.70 D 3.76 | lr 2.00e-04
[2026-09-27T18:26:23] step 400/20000 | G 3.978 (gan 0.750/0.698, cyc 0.316, idt 1.720) | D_A 0.670 D_B 0.663 | gnorm G 10.65 D 4.28 | lr 2.00e-04
[2026-09-27T18:26:27] step 450/20000 | G 3.895 (gan 0.787/0.710, cyc 0.300, idt 1.672) | D_A 0.669 D_B 0.651 | gnorm G 10.80 D 4.16 | lr 2.00e-04
[2026-09-27T18:26:31] step 500/20000 | G 3.830 (gan 0.767/0.713, cyc 0.294, idt 1.624) | D_A 0.660 D_B 0.651 | gnorm G 9.98 D 4.27 | lr 2.00e-04
[2026-09-27T18:26:35] step 550/20000 | G 3.792 (gan 0.769/0.735, cyc 0.286, idt 1.571) | D_A 0.657 D_B 0.642 | gnorm G 9.21 D 4.47 | lr 2.00e-04
[2026-09-27T18:26:39] step 600/20000 | G 3.599 (gan 0.763/0.740, cyc 0.262, idt 1.534) | D_A 0.651 D_B 0.636 | gnorm G 9.06 D 4.91 | lr 2.00e-04
[2026-09-27T18:26:43] step 650/20000 | G 3.701 (gan 0.764/0.728, cyc 0.276, idt 1.298) | D_A 0.659 D_B 0.657 | gnorm G 9.33 D 5.49 | lr 2.00e-04
[2026-09-27T18:26:47] step 700/20000 | G 3.700 (gan 0.769/0.740, cyc 0.274, idt 1.186) | D_A 0.639 D_B 0.640 | gnorm G 9.61 D 5.64 | lr 2.00e-04
[2026-09-27T18:26:51] step 750/20000 | G 3.676 (gan 0.758/0.715, cyc 0.275, idt 2.307) | D_A 0.663 D_B 0.669 | gnorm G 9.13 D 4.81 | lr 2.00e-04
[2026-09-27T18:26:55] step 800/20000 | G 3.493 (gan 0.717/0.699, cyc 0.260, idt 1.776) | D_A 0.660 D_B 0.661 | gnorm G 9.45 D 5.22 | lr 2.00e-04
[2026-09-27T18:26:59] step 850/20000 | G 3.417 (gan 0.741/0.689, cyc 0.248, idt 1.245) | D_A 0.647 D_B 0.658 | gnorm G 9.50 D 4.99 | lr 2.00e-04
[2026-09-27T18:27:03] step 900/20000 | G 3.371 (gan 0.768/0.707, cyc 0.237, idt 1.622) | D_A 0.671 D_B 0.661 | gnorm G 9.55 D 5.68 | lr 2.00e-04
[2026-09-27T18:27:08] step 950/20000 | G 3.257 (gan 0.731/0.723, cyc 0.225, idt 1.186) | D_A 0.657 D_B 0.672 | gnorm G 8.37 D 4.92 | lr 2.00e-04
[2026-09-27T18:27:12] step 1000/20000 | G 3.271 (gan 0.754/0.697, cyc 0.227, idt 1.287) | D_A 0.658 D_B 0.675 | gnorm G 7.93 D 5.51 | lr 2.00e-04
[2026-09-27T18:27:34] step 1050/20000 | G 3.293 (gan 0.782/0.717, cyc 0.224, idt 1.393) | D_A 0.658 D_B 0.625 | gnorm G 8.14 D 5.35 | lr 2.00e-04
[2026-09-27T18:27:38] step 1100/20000 | G 3.167 (gan 0.736/0.678, cyc 0.219, idt 1.378) | D_A 0.636 D_B 0.681 | gnorm G 7.83 D 5.44 | lr 2.00e-04
[2026-09-27T18:27:42] step 1150/20000 | G 3.233 (gan 0.754/0.737, cyc 0.218, idt 1.372) | D_A 0.658 D_B 0.661 | gnorm G 7.88 D 5.53 | lr 2.00e-04
[2026-09-27T18:27:47] step 1200/20000 | G 3.207 (gan 0.747/0.653, cyc 0.226, idt 1.861) | D_A 0.665 D_B 0.658 | gnorm G 8.06 D 5.25 | lr 2.00e-04
[2026-09-27T18:27:51] step 1250/20000 | G 3.261 (gan 0.764/0.681, cyc 0.227, idt 1.297) | D_A 0.651 D_B 0.665 | gnorm G 7.73 D 5.17 | lr 2.00e-04
[2026-09-27T18:27:55] step 1300/20000 | G 3.081 (gan 0.730/0.657, cyc 0.212, idt 1.783) | D_A 0.679 D_B 0.653 | gnorm G 7.81 D 5.29 | lr 2.00e-04
[2026-09-27T18:27:59] step 1350/20000 | G 3.197 (gan 0.743/0.661, cyc 0.224, idt 2.078) | D_A 0.667 D_B 0.663 | gnorm G 8.06 D 5.64 | lr 2.00e-04
[2026-09-27T18:28:03] step 1400/20000 | G 3.188 (gan 0.742/0.666, cyc 0.223, idt 1.671) | D_A 0.659 D_B 0.678 | gnorm G 7.50 D 5.63 | lr 2.00e-04
[2026-09-27T18:28:07] step 1450/20000 | G 3.080 (gan 0.759/0.615, cyc 0.213, idt 1.476) | D_A 0.676 D_B 0.654 | gnorm G 8.02 D 5.22 | lr 2.00e-04
[2026-09-27T18:28:11] step 1500/20000 | G 3.130 (gan 0.769/0.696, cyc 0.208, idt 1.512) | D_A 0.661 D_B 0.651 | gnorm G 8.19 D 5.49 | lr 2.00e-04
[2026-09-27T18:28:16] step 1550/20000 | G 3.117 (gan 0.755/0.665, cyc 0.212, idt 1.579) | D_A 0.667 D_B 0.637 | gnorm G 8.09 D 5.12 | lr 2.00e-04
[2026-09-27T18:28:20] step 1600/20000 | G 2.997 (gan 0.720/0.700, cyc 0.197, idt 1.574) | D_A 0.675 D_B 0.673 | gnorm G 7.95 D 5.02 | lr 2.00e-04
[2026-09-27T18:28:23] step 1650/20000 | G 3.081 (gan 0.771/0.666, cyc 0.205, idt 1.809) | D_A 0.695 D_B 0.672 | gnorm G 8.06 D 4.99 | lr 2.00e-04
[2026-09-27T18:28:28] step 1700/20000 | G 3.053 (gan 0.743/0.682, cyc 0.203, idt 1.643) | D_A 0.687 D_B 0.659 | gnorm G 8.03 D 4.70 | lr 2.00e-04
[2026-09-27T18:28:32] step 1750/20000 | G 3.007 (gan 0.731/0.696, cyc 0.197, idt 1.326) | D_A 0.669 D_B 0.658 | gnorm G 7.94 D 4.86 | lr 2.00e-04
[2026-09-27T18:28:35] step 1800/20000 | G 3.099 (gan 0.751/0.705, cyc 0.205, idt 1.488) | D_A 0.679 D_B 0.654 | gnorm G 8.10 D 5.12 | lr 2.00e-04
[2026-09-27T18:28:39] step 1850/20000 | G 2.987 (gan 0.745/0.661, cyc 0.198, idt 1.312) | D_A 0.686 D_B 0.687 | gnorm G 7.98 D 5.02 | lr 2.00e-04
[2026-09-27T18:28:43] step 1900/20000 | G 3.047 (gan 0.783/0.699, cyc 0.196, idt 1.094) | D_A 0.673 D_B 0.635 | gnorm G 8.50 D 4.64 | lr 2.00e-04
[2026-09-27T18:28:47] step 1950/20000 | G 2.980 (gan 0.753/0.712, cyc 0.189, idt 1.181) | D_A 0.656 D_B 0.674 | gnorm G 8.09 D 5.21 | lr 2.00e-04
[2026-09-27T18:28:51] step 2000/20000 | G 2.993 (gan 0.745/0.683, cyc 0.196, idt 1.378) | D_A 0.689 D_B 0.657 | gnorm G 8.48 D 4.54 | lr 2.00e-04
[2026-09-27T18:29:04] step 2050/20000 | G 3.062 (gan 0.767/0.697, cyc 0.200, idt 1.122) | D_A 0.673 D_B 0.666 | gnorm G inf D inf | lr 2.00e-04
[2026-09-27T18:29:09] step 2100/20000 | G 2.994 (gan 0.739/0.681, cyc 0.197, idt 1.216) | D_A 0.674 D_B 0.670 | gnorm G 8.61 D 4.87 | lr 2.00e-04
[2026-09-27T18:29:13] step 2150/20000 | G 3.118 (gan 0.728/0.709, cyc 0.210, idt 0.889) | D_A 0.688 D_B 0.669 | gnorm G 8.02 D 5.20 | lr 2.00e-04
[2026-09-27T18:29:18] step 2200/20000 | G 2.927 (gan 0.735/0.692, cyc 0.187, idt 1.727) | D_A 0.673 D_B 0.646 | gnorm G 8.33 D 5.14 | lr 2.00e-04
[2026-09-27T18:29:23] step 2250/20000 | G 2.981 (gan 0.705/0.676, cyc 0.200, idt 1.069) | D_A 0.670 D_B 0.685 | gnorm G 7.78 D 4.52 | lr 2.00e-04
[2026-09-27T18:29:28] step 2300/20000 | G 2.966 (gan 0.759/0.675, cyc 0.191, idt 1.324) | D_A 0.677 D_B 0.665 | gnorm G 7.88 D 4.65 | lr 2.00e-04
[2026-09-27T18:29:32] step 2350/20000 | G 3.105 (gan 0.739/0.664, cyc 0.213, idt 1.300) | D_A 0.690 D_B 0.658 | gnorm G 9.40 D 5.18 | lr 2.00e-04
[2026-09-27T18:29:38] step 2400/20000 | G 3.023 (gan 0.734/0.704, cyc 0.198, idt 1.379) | D_A 0.683 D_B 0.662 | gnorm G 8.53 D 4.88 | lr 2.00e-04
[2026-09-27T18:29:43] step 2450/20000 | G 2.863 (gan 0.727/0.683, cyc 0.182, idt 1.567) | D_A 0.668 D_B 0.670 | gnorm G 8.68 D 4.70 | lr 2.00e-04
[2026-09-27T18:29:47] step 2500/20000 | G 2.920 (gan 0.747/0.709, cyc 0.183, idt 1.296) | D_A 0.667 D_B 0.668 | gnorm G 8.36 D 5.56 | lr 2.00e-04
[2026-09-27T18:29:52] step 2550/20000 | G 2.906 (gan 0.730/0.710, cyc 0.183, idt 1.977) | D_A 0.662 D_B 0.666 | gnorm G 7.83 D 4.56 | lr 2.00e-04
[2026-09-27T18:29:56] step 2600/20000 | G 2.937 (gan 0.734/0.691, cyc 0.189, idt 1.476) | D_A 0.680 D_B 0.661 | gnorm G 8.09 D 4.43 | lr 2.00e-04
[2026-09-27T18:30:00] step 2650/20000 | G 2.972 (gan 0.728/0.715, cyc 0.191, idt 1.470) | D_A 0.668 D_B 0.663 | gnorm G inf D 5.27 | lr 2.00e-04
[2026-09-27T18:30:04] step 2700/20000 | G 2.958 (gan 0.745/0.721, cyc 0.187, idt 1.974) | D_A 0.678 D_B 0.664 | gnorm G 7.71 D 5.11 | lr 2.00e-04
[2026-09-27T18:30:08] step 2750/20000 | G 2.998 (gan 0.749/0.703, cyc 0.193, idt 1.751) | D_A 0.676 D_B 0.656 | gnorm G 7.90 D 4.84 | lr 2.00e-04
[2026-09-27T18:30:12] step 2800/20000 | G 2.939 (gan 0.736/0.699, cyc 0.188, idt 1.121) | D_A 0.695 D_B 0.656 | gnorm G 8.03 D 5.29 | lr 2.00e-04
[2026-09-27T18:30:16] step 2850/20000 | G 2.964 (gan 0.760/0.712, cyc 0.187, idt 1.582) | D_A 0.676 D_B 0.632 | gnorm G 7.72 D 4.87 | lr 2.00e-04
[2026-09-27T18:30:21] step 2900/20000 | G 3.058 (gan 0.791/0.719, cyc 0.193, idt 1.924) | D_A 0.682 D_B 0.642 | gnorm G 8.99 D 5.30 | lr 2.00e-04
[2026-09-27T18:30:25] step 2950/20000 | G 2.937 (gan 0.813/0.668, cyc 0.182, idt 1.669) | D_A 0.651 D_B 0.642 | gnorm G 8.60 D 5.39 | lr 2.00e-04
[2026-09-27T18:30:28] step 3000/20000 | G 3.016 (gan 0.793/0.682, cyc 0.193, idt 2.039) | D_A 0.693 D_B 0.654 | gnorm G 9.33 D 5.76 | lr 2.00e-04
[2026-09-27T18:30:45] step 3050/20000 | G 2.979 (gan 0.753/0.725, cyc 0.188, idt 1.459) | D_A 0.671 D_B 0.640 | gnorm G 8.26 D 5.43 | lr 2.00e-04
[2026-09-27T18:30:49] step 3100/20000 | G 2.873 (gan 0.709/0.702, cyc 0.183, idt 2.027) | D_A 0.691 D_B 0.675 | gnorm G 8.95 D 5.30 | lr 2.00e-04
[2026-09-27T18:30:53] step 3150/20000 | G 2.977 (gan 0.750/0.736, cyc 0.186, idt 1.369) | D_A 0.657 D_B 0.651 | gnorm G 9.61 D 4.91 | lr 2.00e-04
[2026-09-27T18:30:58] step 3200/20000 | G 2.918 (gan 0.740/0.712, cyc 0.183, idt 1.600) | D_A 0.676 D_B 0.638 | gnorm G 9.06 D 5.03 | lr 2.00e-04
[2026-09-27T18:31:03] step 3250/20000 | G 3.010 (gan 0.766/0.717, cyc 0.191, idt 1.249) | D_A 0.673 D_B 0.662 | gnorm G 9.32 D inf | lr 2.00e-04
[2026-09-27T18:31:08] step 3300/20000 | G 2.862 (gan 0.712/0.687, cyc 0.183, idt 1.948) | D_A 0.668 D_B 0.652 | gnorm G 8.76 D 5.31 | lr 2.00e-04
[2026-09-27T18:31:13] step 3350/20000 | G 2.909 (gan 0.750/0.713, cyc 0.181, idt 1.907) | D_A 0.678 D_B 0.663 | gnorm G 8.51 D 5.32 | lr 2.00e-04
[2026-09-27T18:31:18] step 3400/20000 | G 2.967 (gan 0.741/0.740, cyc 0.186, idt 1.924) | D_A 0.669 D_B 0.649 | gnorm G 8.70 D 5.58 | lr 2.00e-04
[2026-09-27T18:31:23] step 3450/20000 | G 2.932 (gan 0.777/0.689, cyc 0.183, idt 1.960) | D_A 0.694 D_B 0.651 | gnorm G 8.50 D 5.72 | lr 2.00e-04
[2026-09-27T18:31:28] step 3500/20000 | G 2.962 (gan 0.750/0.705, cyc 0.188, idt 1.415) | D_A 0.669 D_B 0.652 | gnorm G 8.61 D 5.45 | lr 2.00e-04
[2026-09-27T18:31:33] step 3550/20000 | G 2.939 (gan 0.725/0.705, cyc 0.189, idt 1.525) | D_A 0.676 D_B 0.652 | gnorm G 8.27 D 5.38 | lr 2.00e-04
[2026-09-27T18:31:37] step 3600/20000 | G 3.004 (gan 0.771/0.728, cyc 0.188, idt 2.059) | D_A 0.690 D_B 0.632 | gnorm G 8.29 D 5.25 | lr 2.00e-04
[2026-09-27T18:31:41] step 3650/20000 | G 2.928 (gan 0.767/0.671, cyc 0.186, idt 1.579) | D_A 0.668 D_B 0.659 | gnorm G 9.12 D 5.62 | lr 2.00e-04
[2026-09-27T18:31:45] step 3700/20000 | G 2.889 (gan 0.718/0.724, cyc 0.181, idt 2.038) | D_A 0.689 D_B 0.660 | gnorm G 9.37 D 5.24 | lr 2.00e-04
[2026-09-27T18:31:49] step 3750/20000 | G 2.877 (gan 0.758/0.684, cyc 0.179, idt 1.691) | D_A 0.686 D_B 0.628 | gnorm G 9.00 D 5.48 | lr 2.00e-04
[2026-09-27T18:31:53] step 3800/20000 | G 2.937 (gan 0.794/0.687, cyc 0.182, idt 1.332) | D_A 0.684 D_B 0.652 | gnorm G 8.66 D 5.70 | lr 2.00e-04
[2026-09-27T18:31:58] step 3850/20000 | G 2.938 (gan 0.733/0.694, cyc 0.189, idt 1.767) | D_A 0.668 D_B 0.667 | gnorm G 8.76 D 5.41 | lr 2.00e-04
[2026-09-27T18:32:02] step 3900/20000 | G 2.907 (gan 0.737/0.726, cyc 0.180, idt 1.708) | D_A 0.672 D_B 0.635 | gnorm G 8.84 D 5.02 | lr 2.00e-04
[2026-09-27T18:32:06] step 3950/20000 | G 2.910 (gan 0.765/0.705, cyc 0.180, idt 1.839) | D_A 0.681 D_B 0.647 | gnorm G 7.86 D 5.02 | lr 2.00e-04
[2026-09-27T18:32:10] step 4000/20000 | G 2.887 (gan 0.723/0.680, cyc 0.186, idt 1.669) | D_A 0.675 D_B 0.686 | gnorm G 8.83 D 5.16 | lr 2.00e-04
[2026-09-27T18:32:24] step 4050/20000 | G 2.865 (gan 0.717/0.702, cyc 0.181, idt 1.281) | D_A 0.677 D_B 0.643 | gnorm G 8.51 D 5.33 | lr 2.00e-04
[2026-09-27T18:32:29] step 4100/20000 | G 2.912 (gan 0.771/0.706, cyc 0.179, idt 1.341) | D_A 0.671 D_B 0.635 | gnorm G 8.27 D 5.01 | lr 2.00e-04
[2026-09-27T18:32:33] step 4150/20000 | G 2.908 (gan 0.751/0.678, cyc 0.185, idt 1.836) | D_A 0.678 D_B 0.657 | gnorm G 8.91 D 5.15 | lr 2.00e-04
[2026-09-27T18:32:39] step 4200/20000 | G 2.851 (gan 0.776/0.679, cyc 0.174, idt 1.865) | D_A 0.684 D_B 0.649 | gnorm G 8.27 D 5.81 | lr 2.00e-04
[2026-09-27T18:32:44] step 4250/20000 | G 2.871 (gan 0.764/0.716, cyc 0.174, idt 1.423) | D_A 0.675 D_B 0.639 | gnorm G 9.07 D 5.06 | lr 2.00e-04
[2026-09-27T18:32:49] step 4300/20000 | G 2.937 (gan 0.762/0.705, cyc 0.184, idt 1.236) | D_A 0.672 D_B 0.645 | gnorm G 9.00 D 5.87 | lr 2.00e-04
[2026-09-27T18:32:55] step 4350/20000 | G 2.942 (gan 0.743/0.740, cyc 0.182, idt 1.833) | D_A 0.676 D_B 0.631 | gnorm G 8.58 D 6.19 | lr 2.00e-04
[2026-09-27T18:32:59] step 4400/20000 | G 2.954 (gan 0.769/0.697, cyc 0.186, idt 1.524) | D_A 0.671 D_B 0.685 | gnorm G 9.13 D 6.60 | lr 2.00e-04
[2026-09-27T18:33:04] step 4450/20000 | G 2.926 (gan 0.748/0.707, cyc 0.184, idt 1.562) | D_A 0.672 D_B 0.615 | gnorm G 9.30 D 6.37 | lr 2.00e-04
[2026-09-27T18:33:10] step 4500/20000 | G 2.825 (gan 0.716/0.714, cyc 0.174, idt 2.201) | D_A 0.675 D_B 0.671 | gnorm G 8.91 D 6.68 | lr 2.00e-04
[2026-09-27T18:33:14] step 4550/20000 | G 2.808 (gan 0.704/0.705, cyc 0.175, idt 2.002) | D_A 0.682 D_B 0.670 | gnorm G 8.30 D 6.53 | lr 2.00e-04
[2026-09-27T18:33:18] step 4600/20000 | G 2.839 (gan 0.737/0.674, cyc 0.178, idt 1.403) | D_A 0.677 D_B 0.658 | gnorm G 8.26 D 5.17 | lr 2.00e-04
[2026-09-27T18:33:22] step 4650/20000 | G 2.920 (gan 0.759/0.708, cyc 0.182, idt 1.701) | D_A 0.677 D_B 0.617 | gnorm G 8.74 D 5.04 | lr 2.00e-04
[2026-09-27T18:33:26] step 4700/20000 | G 2.744 (gan 0.704/0.722, cyc 0.165, idt 1.115) | D_A 0.662 D_B 0.660 | gnorm G 8.53 D 5.79 | lr 2.00e-04
[2026-09-27T18:33:30] step 4750/20000 | G 2.853 (gan 0.770/0.712, cyc 0.171, idt 1.436) | D_A 0.672 D_B 0.637 | gnorm G inf D 5.57 | lr 2.00e-04
[2026-09-27T18:33:34] step 4800/20000 | G 2.922 (gan 0.754/0.723, cyc 0.181, idt 1.613) | D_A 0.682 D_B 0.665 | gnorm G 7.95 D 5.68 | lr 2.00e-04
[2026-09-27T18:33:39] step 4850/20000 | G 2.879 (gan 0.785/0.712, cyc 0.173, idt 1.411) | D_A 0.664 D_B 0.618 | gnorm G 8.54 D 5.75 | lr 2.00e-04
[2026-09-27T18:33:43] step 4900/20000 | G 2.858 (gan 0.728/0.703, cyc 0.178, idt 1.559) | D_A 0.692 D_B 0.641 | gnorm G 8.45 D 6.04 | lr 2.00e-04
[2026-09-27T18:33:46] step 4950/20000 | G 2.845 (gan 0.772/0.705, cyc 0.171, idt 1.471) | D_A 0.648 D_B 0.625 | gnorm G 9.31 D 6.10 | lr 2.00e-04
[2026-09-27T18:33:51] step 5000/20000 | G 2.913 (gan 0.812/0.678, cyc 0.178, idt 1.268) | D_A 0.676 D_B 0.625 | gnorm G 8.27 D 6.35 | lr 2.00e-04
[2026-09-27T18:34:04] step 5050/20000 | G 2.997 (gan 0.830/0.721, cyc 0.181, idt 1.286) | D_A 0.669 D_B 0.612 | gnorm G 9.46 D 6.61 | lr 2.00e-04
[2026-09-27T18:34:08] step 5100/20000 | G 2.892 (gan 0.758/0.727, cyc 0.176, idt 1.392) | D_A 0.686 D_B 0.633 | gnorm G 8.73 D 7.17 | lr 2.00e-04
[2026-09-27T18:34:12] step 5150/20000 | G 2.897 (gan 0.752/0.701, cyc 0.181, idt 1.359) | D_A 0.683 D_B 0.681 | gnorm G 8.82 D 6.65 | lr 2.00e-04
[2026-09-27T18:34:17] step 5200/20000 | G 2.880 (gan 0.757/0.709, cyc 0.177, idt 1.577) | D_A 0.679 D_B 0.612 | gnorm G 8.70 D 6.02 | lr 2.00e-04
[2026-09-27T18:34:23] step 5250/20000 | G 2.885 (gan 0.798/0.696, cyc 0.174, idt 1.641) | D_A 0.669 D_B 0.646 | gnorm G 8.18 D inf | lr 2.00e-04
[2026-09-27T18:34:27] step 5300/20000 | G 2.936 (gan 0.808/0.703, cyc 0.178, idt 1.794) | D_A 0.668 D_B 0.625 | gnorm G 9.18 D 6.61 | lr 2.00e-04
[2026-09-27T18:34:33] step 5350/20000 | G 2.970 (gan 0.780/0.708, cyc 0.185, idt 1.311) | D_A 0.675 D_B 0.648 | gnorm G 8.60 D 6.11 | lr 2.00e-04
[2026-09-27T18:34:38] step 5400/20000 | G 3.015 (gan 0.790/0.763, cyc 0.183, idt 1.448) | D_A 0.645 D_B 0.621 | gnorm G 9.92 D 6.13 | lr 2.00e-04
[2026-09-27T18:34:42] step 5450/20000 | G 2.967 (gan 0.826/0.737, cyc 0.175, idt 1.767) | D_A 0.651 D_B 0.624 | gnorm G 9.42 D 6.71 | lr 2.00e-04
[2026-09-27T18:34:48] step 5500/20000 | G 2.914 (gan 0.770/0.712, cyc 0.179, idt 1.663) | D_A 0.676 D_B 0.621 | gnorm G 8.70 D 6.61 | lr 2.00e-04
[2026-09-27T18:34:52] step 5550/20000 | G 2.974 (gan 0.809/0.709, cyc 0.182, idt 1.542) | D_A 0.670 D_B 0.673 | gnorm G 8.76 D 6.74 | lr 2.00e-04
[2026-09-27T18:34:56] step 5600/20000 | G 2.885 (gan 0.761/0.745, cyc 0.172, idt 1.341) | D_A 0.681 D_B 0.662 | gnorm G 9.67 D 7.07 | lr 2.00e-04
[2026-09-27T18:35:00] step 5650/20000 | G 2.927 (gan 0.800/0.707, cyc 0.177, idt 1.680) | D_A 0.684 D_B 0.618 | gnorm G 9.18 D 5.99 | lr 2.00e-04
[2026-09-27T18:35:05] step 5700/20000 | G 2.861 (gan 0.759/0.715, cyc 0.173, idt 1.315) | D_A 0.673 D_B 0.646 | gnorm G 7.71 D 6.28 | lr 2.00e-04
[2026-09-27T18:35:09] step 5750/20000 | G 2.819 (gan 0.749/0.707, cyc 0.170, idt 1.353) | D_A 0.669 D_B 0.666 | gnorm G 8.96 D 5.99 | lr 2.00e-04
[2026-09-27T18:35:12] step 5800/20000 | G 2.965 (gan 0.812/0.696, cyc 0.182, idt 1.734) | D_A 0.663 D_B 0.602 | gnorm G 9.08 D 6.09 | lr 2.00e-04
[2026-09-27T18:35:17] step 5850/20000 | G 2.934 (gan 0.785/0.714, cyc 0.179, idt 1.050) | D_A 0.667 D_B 0.633 | gnorm G 10.15 D 7.15 | lr 2.00e-04
[2026-09-27T18:35:21] step 5900/20000 | G 2.870 (gan 0.770/0.714, cyc 0.173, idt 1.339) | D_A 0.664 D_B 0.644 | gnorm G 9.13 D 7.07 | lr 2.00e-04
[2026-09-27T18:35:25] step 5950/20000 | G 2.961 (gan 0.786/0.726, cyc 0.181, idt 2.040) | D_A 0.664 D_B 0.631 | gnorm G 8.88 D 6.61 | lr 2.00e-04
[2026-09-27T18:35:29] step 6000/20000 | G 2.976 (gan 0.856/0.716, cyc 0.175, idt 1.286) | D_A 0.668 D_B 0.619 | gnorm G 10.10 D 6.87 | lr 2.00e-04
[2026-09-27T18:35:39] step 6050/20000 | G 2.901 (gan 0.817/0.686, cyc 0.175, idt 1.556) | D_A 0.669 D_B 0.639 | gnorm G 10.32 D 7.02 | lr 2.00e-04
[2026-09-27T18:35:44] step 6100/20000 | G 2.815 (gan 0.717/0.703, cyc 0.174, idt 1.750) | D_A 0.676 D_B 0.662 | gnorm G 9.37 D 6.58 | lr 2.00e-04
[2026-09-27T18:35:48] step 6150/20000 | G 2.886 (gan 0.832/0.692, cyc 0.170, idt 1.656) | D_A 0.669 D_B 0.645 | gnorm G 9.69 D 6.75 | lr 2.00e-04
[2026-09-27T18:35:53] step 6200/20000 | G 2.903 (gan 0.734/0.720, cyc 0.181, idt 1.473) | D_A 0.647 D_B 0.634 | gnorm G 10.90 D 6.49 | lr 2.00e-04
[2026-09-27T18:35:59] step 6250/20000 | G 3.019 (gan 0.830/0.705, cyc 0.185, idt 1.587) | D_A 0.668 D_B 0.619 | gnorm G 11.54 D 7.21 | lr 2.00e-04
[2026-09-27T18:36:04] step 6300/20000 | G 2.866 (gan 0.802/0.700, cyc 0.171, idt 1.844) | D_A 0.643 D_B 0.628 | gnorm G 12.73 D 6.97 | lr 2.00e-04
[2026-09-27T18:36:08] step 6350/20000 | G 2.947 (gan 0.781/0.767, cyc 0.175, idt 1.263) | D_A 0.649 D_B 0.621 | gnorm G 12.51 D 7.11 | lr 2.00e-04
[2026-09-27T18:36:14] step 6400/20000 | G 2.840 (gan 0.744/0.688, cyc 0.176, idt 1.489) | D_A 0.653 D_B 0.647 | gnorm G 11.74 D 7.97 | lr 2.00e-04
[2026-09-27T18:36:18] step 6450/20000 | G 2.939 (gan 0.781/0.732, cyc 0.178, idt 1.258) | D_A 0.663 D_B 0.620 | gnorm G 11.35 D 7.93 | lr 2.00e-04
[2026-09-27T18:36:23] step 6500/20000 | G 2.825 (gan 0.735/0.727, cyc 0.170, idt 1.401) | D_A 0.665 D_B 0.664 | gnorm G 11.32 D 7.22 | lr 2.00e-04
[2026-09-27T18:36:28] step 6550/20000 | G 2.943 (gan 0.780/0.723, cyc 0.180, idt 1.821) | D_A 0.641 D_B 0.646 | gnorm G 14.62 D 8.39 | lr 2.00e-04
[2026-09-27T18:36:32] step 6600/20000 | G 2.886 (gan 0.762/0.689, cyc 0.179, idt 1.357) | D_A 0.643 D_B 0.631 | gnorm G 12.65 D 7.32 | lr 2.00e-04
[2026-09-27T18:36:36] step 6650/20000 | G 2.934 (gan 0.812/0.710, cyc 0.177, idt 1.668) | D_A 0.636 D_B 0.610 | gnorm G 14.97 D 7.73 | lr 2.00e-04
[2026-09-27T18:36:41] step 6700/20000 | G 2.896 (gan 0.782/0.713, cyc 0.175, idt 1.392) | D_A 0.651 D_B 0.653 | gnorm G 15.71 D 8.23 | lr 2.00e-04
[2026-09-27T18:36:45] step 6750/20000 | G 2.935 (gan 0.765/0.754, cyc 0.177, idt 1.708) | D_A 0.664 D_B 0.636 | gnorm G 14.01 D inf | lr 2.00e-04
[2026-09-27T18:36:49] step 6800/20000 | G 3.105 (gan 0.839/0.787, cyc 0.185, idt 1.315) | D_A 0.618 D_B 0.646 | gnorm G inf D 8.39 | lr 2.00e-04
[2026-09-27T18:36:53] step 6850/20000 | G 3.079 (gan 0.821/0.799, cyc 0.182, idt 1.458) | D_A 0.624 D_B 0.631 | gnorm G 19.34 D 8.12 | lr 2.00e-04
[2026-09-27T18:36:58] step 6900/20000 | G 3.010 (gan 0.836/0.776, cyc 0.175, idt 1.447) | D_A 0.650 D_B 0.625 | gnorm G 18.89 D 8.20 | lr 2.00e-04
[2026-09-27T18:37:01] step 6950/20000 | G 3.036 (gan 0.891/0.736, cyc 0.176, idt 1.572) | D_A 0.611 D_B 0.595 | gnorm G 17.50 D 8.84 | lr 2.00e-04
[2026-09-27T18:37:05] step 7000/20000 | G 2.892 (gan 0.799/0.707, cyc 0.173, idt 1.538) | D_A 0.642 D_B 0.621 | gnorm G 19.92 D 8.38 | lr 2.00e-04
[2026-09-27T18:37:16] step 7050/20000 | G 2.932 (gan 0.769/0.722, cyc 0.180, idt 1.385) | D_A 0.641 D_B 0.633 | gnorm G 21.42 D 9.84 | lr 2.00e-04
[2026-09-27T18:37:20] step 7100/20000 | G 3.081 (gan 0.859/0.774, cyc 0.181, idt 1.501) | D_A 0.644 D_B 0.635 | gnorm G 22.54 D 9.13 | lr 2.00e-04
[2026-09-27T18:37:26] step 7150/20000 | G 2.963 (gan 0.820/0.731, cyc 0.176, idt 1.453) | D_A 0.641 D_B 0.646 | gnorm G 19.47 D 8.84 | lr 2.00e-04
[2026-09-27T18:37:30] step 7200/20000 | G 3.118 (gan 0.840/0.786, cyc 0.186, idt 1.415) | D_A 0.622 D_B 0.610 | gnorm G 24.58 D 8.56 | lr 2.00e-04
[2026-09-27T18:37:35] step 7250/20000 | G 2.999 (gan 0.834/0.723, cyc 0.180, idt 1.233) | D_A 0.617 D_B 0.604 | gnorm G 23.17 D 9.52 | lr 2.00e-04
[2026-09-27T18:37:42] step 7300/20000 | G 2.989 (gan 0.805/0.809, cyc 0.172, idt 1.355) | D_A 0.614 D_B 0.627 | gnorm G 28.40 D 9.95 | lr 2.00e-04
[2026-09-27T18:37:46] step 7350/20000 | G 2.941 (gan 0.826/0.761, cyc 0.169, idt 1.321) | D_A 0.639 D_B 0.613 | gnorm G 25.67 D 9.69 | lr 2.00e-04
[2026-09-27T18:37:51] step 7400/20000 | G 3.065 (gan 0.815/0.770, cyc 0.185, idt 1.456) | D_A 0.626 D_B 0.620 | gnorm G 24.60 D 9.98 | lr 2.00e-04
[2026-09-27T18:37:57] step 7450/20000 | G 2.947 (gan 0.812/0.795, cyc 0.167, idt 1.243) | D_A 0.608 D_B 0.588 | gnorm G inf D 9.27 | lr 2.00e-04
[2026-09-27T18:38:01] step 7500/20000 | G 3.183 (gan 0.892/0.853, cyc 0.180, idt 2.030) | D_A 0.597 D_B 0.589 | gnorm G 32.87 D 10.66 | lr 2.00e-04
[2026-09-27T18:38:06] step 7550/20000 | G 3.207 (gan 0.889/0.880, cyc 0.180, idt 1.585) | D_A 0.585 D_B 0.625 | gnorm G 36.88 D 11.12 | lr 2.00e-04
[2026-09-27T18:38:10] step 7600/20000 | G 3.029 (gan 0.874/0.767, cyc 0.174, idt 1.301) | D_A 0.589 D_B 0.600 | gnorm G 36.39 D 11.24 | lr 2.00e-04
[2026-09-27T18:38:14] step 7650/20000 | G 3.155 (gan 0.844/0.844, cyc 0.183, idt 1.888) | D_A 0.596 D_B 0.591 | gnorm G 41.26 D 11.50 | lr 2.00e-04
[2026-09-27T18:38:18] step 7700/20000 | G 3.029 (gan 0.842/0.766, cyc 0.178, idt 1.525) | D_A 0.589 D_B 0.564 | gnorm G 38.44 D 12.63 | lr 2.00e-04
[2026-09-27T18:38:23] step 7750/20000 | G 3.034 (gan 0.854/0.746, cyc 0.179, idt 1.327) | D_A 0.638 D_B 0.601 | gnorm G 37.03 D 13.65 | lr 2.00e-04
[2026-09-27T18:38:27] step 7800/20000 | G 3.143 (gan 0.888/0.891, cyc 0.170, idt 1.569) | D_A 0.589 D_B 0.555 | gnorm G 42.80 D 11.22 | lr 2.00e-04
[2026-09-27T18:38:31] step 7850/20000 | G 3.108 (gan 0.919/0.810, cyc 0.172, idt 1.798) | D_A 0.581 D_B 0.546 | gnorm G 41.77 D 12.21 | lr 2.00e-04
[2026-09-27T18:38:35] step 7900/20000 | G 3.208 (gan 0.927/0.816, cyc 0.183, idt 1.775) | D_A 0.576 D_B 0.565 | gnorm G 45.86 D 11.58 | lr 2.00e-04
[2026-09-27T18:38:40] step 7950/20000 | G 3.066 (gan 0.896/0.733, cyc 0.180, idt 1.322) | D_A 0.594 D_B 0.576 | gnorm G 40.00 D 12.05 | lr 2.00e-04
[2026-09-27T18:38:43] step 8000/20000 | G 3.009 (gan 0.907/0.712, cyc 0.174, idt 1.104) | D_A 0.587 D_B 0.539 | gnorm G 39.54 D 11.45 | lr 2.00e-04
[2026-09-27T18:38:54] step 8050/20000 | G 3.196 (gan 0.932/0.744, cyc 0.190, idt 1.388) | D_A 0.615 D_B 0.621 | gnorm G 35.28 D 13.21 | lr 2.00e-04
[2026-09-27T18:38:58] step 8100/20000 | G 3.056 (gan 0.831/0.777, cyc 0.181, idt 0.968) | D_A 0.584 D_B 0.575 | gnorm G 41.27 D 12.08 | lr 2.00e-04
[2026-09-27T18:39:03] step 8150/20000 | G 3.195 (gan 0.884/0.869, cyc 0.180, idt 1.165) | D_A 0.569 D_B 0.621 | gnorm G 49.09 D 13.39 | lr 2.00e-04
[2026-09-27T18:39:08] step 8200/20000 | G 3.058 (gan 0.794/0.814, cyc 0.181, idt 1.972) | D_A 0.572 D_B 0.618 | gnorm G 40.55 D 11.71 | lr 2.00e-04
[2026-09-27T18:39:13] step 8250/20000 | G 3.074 (gan 0.796/0.867, cyc 0.176, idt 1.168) | D_A 0.614 D_B 0.559 | gnorm G 45.16 D 13.95 | lr 2.00e-04
[2026-09-27T18:39:18] step 8300/20000 | G 3.182 (gan 0.931/0.774, cyc 0.185, idt 1.332) | D_A 0.647 D_B 0.592 | gnorm G 37.98 D 13.77 | lr 2.00e-04
[2026-09-27T18:39:24] step 8350/20000 | G 3.100 (gan 0.845/0.793, cyc 0.183, idt 1.553) | D_A 0.576 D_B 0.562 | gnorm G 44.51 D 12.35 | lr 2.00e-04
[2026-09-27T18:39:28] step 8400/20000 | G 3.228 (gan 0.863/0.927, cyc 0.180, idt 1.798) | D_A 0.566 D_B 0.597 | gnorm G 49.48 D 12.69 | lr 2.00e-04
[2026-09-27T18:39:34] step 8450/20000 | G 3.147 (gan 0.875/0.829, cyc 0.180, idt 2.045) | D_A 0.582 D_B 0.563 | gnorm G 45.46 D 13.25 | lr 2.00e-04
[2026-09-27T18:39:39] step 8500/20000 | G 3.137 (gan 0.887/0.770, cyc 0.185, idt 1.344) | D_A 0.551 D_B 0.580 | gnorm G 45.01 D 13.25 | lr 2.00e-04
[2026-09-27T18:39:43] step 8550/20000 | G 3.109 (gan 0.974/0.768, cyc 0.171, idt 1.625) | D_A 0.564 D_B 0.569 | gnorm G 53.99 D 14.15 | lr 2.00e-04
[2026-09-27T18:39:48] step 8600/20000 | G 3.316 (gan 0.911/0.904, cyc 0.188, idt 1.920) | D_A 0.553 D_B 0.598 | gnorm G 62.47 D 15.17 | lr 2.00e-04
[2026-09-27T18:39:52] step 8650/20000 | G 3.197 (gan 0.903/0.878, cyc 0.177, idt 1.519) | D_A 0.570 D_B 0.563 | gnorm G 57.15 D 14.97 | lr 2.00e-04
[2026-09-27T18:39:56] step 8700/20000 | G 3.284 (gan 0.925/0.931, cyc 0.178, idt 1.695) | D_A 0.571 D_B 0.569 | gnorm G inf D 15.06 | lr 2.00e-04
[2026-09-27T18:40:00] step 8750/20000 | G 3.178 (gan 0.882/0.885, cyc 0.176, idt 1.454) | D_A 0.537 D_B 0.546 | gnorm G 60.74 D 14.30 | lr 2.00e-04
[2026-09-27T18:40:05] step 8800/20000 | G 3.311 (gan 0.928/0.940, cyc 0.180, idt 1.436) | D_A 0.535 D_B 0.581 | gnorm G 65.00 D inf | lr 2.00e-04
[2026-09-27T18:40:09] step 8850/20000 | G 3.809 (gan 0.949/1.280, cyc 0.197, idt 1.088) | D_A 0.474 D_B 0.521 | gnorm G 89.32 D 15.40 | lr 2.00e-04
[2026-09-27T18:40:13] step 8900/20000 | G 3.426 (gan 0.993/0.959, cyc 0.184, idt 1.201) | D_A 0.542 D_B 0.552 | gnorm G 75.67 D 16.49 | lr 2.00e-04
[2026-09-27T18:40:17] step 8950/20000 | G 3.231 (gan 0.873/0.972, cyc 0.173, idt 1.463) | D_A 0.503 D_B 0.559 | gnorm G 74.27 D 15.51 | lr 2.00e-04
[2026-09-27T18:40:21] step 9000/20000 | G 3.193 (gan 0.804/0.948, cyc 0.180, idt 1.557) | D_A 0.544 D_B 0.615 | gnorm G 75.03 D 18.15 | lr 2.00e-04
[2026-09-27T18:40:32] step 9050/20000 | G 3.197 (gan 0.844/0.939, cyc 0.177, idt 1.953) | D_A 0.497 D_B 0.540 | gnorm G 62.46 D 14.94 | lr 2.00e-04
[2026-09-27T18:40:36] step 9100/20000 | G 3.400 (gan 0.941/1.019, cyc 0.180, idt 1.607) | D_A 0.477 D_B 0.599 | gnorm G 81.12 D 18.51 | lr 2.00e-04
[2026-09-27T18:40:40] step 9150/20000 | G 3.357 (gan 0.957/0.902, cyc 0.187, idt 1.191) | D_A 0.664 D_B 0.577 | gnorm G 71.96 D 21.03 | lr 2.00e-04
[2026-09-27T18:40:46] step 9200/20000 | G 3.062 (gan 0.883/0.785, cyc 0.174, idt 1.832) | D_A 0.518 D_B 0.571 | gnorm G 55.81 D 15.96 | lr 2.00e-04
[2026-09-27T18:40:51] step 9250/20000 | G 3.077 (gan 0.802/0.878, cyc 0.175, idt 1.144) | D_A 0.524 D_B 0.602 | gnorm G 64.28 D 15.72 | lr 2.00e-04
[2026-09-27T18:40:56] step 9300/20000 | G 3.170 (gan 0.849/0.834, cyc 0.186, idt 1.105) | D_A 0.559 D_B 0.598 | gnorm G 52.16 D 15.31 | lr 2.00e-04
[2026-09-27T18:41:02] step 9350/20000 | G 2.973 (gan 0.811/0.741, cyc 0.178, idt 1.293) | D_A 0.583 D_B 0.608 | gnorm G 50.17 D 16.10 | lr 2.00e-04
[2026-09-27T18:41:07] step 9400/20000 | G 3.242 (gan 0.839/0.898, cyc 0.188, idt 1.325) | D_A 0.579 D_B 0.595 | gnorm G 55.63 D 16.48 | lr 2.00e-04
[2026-09-27T18:41:12] step 9450/20000 | G 3.097 (gan 0.829/0.823, cyc 0.181, idt 1.243) | D_A 0.555 D_B 0.587 | gnorm G 47.54 D 15.39 | lr 2.00e-04
[2026-09-27T18:41:17] step 9500/20000 | G 3.539 (gan 0.936/1.026, cyc 0.197, idt 1.751) | D_A 0.492 D_B 0.554 | gnorm G 73.56 D 15.34 | lr 2.00e-04
[2026-09-27T18:41:21] step 9550/20000 | G 3.197 (gan 0.840/0.862, cyc 0.187, idt 1.234) | D_A 0.526 D_B 0.648 | gnorm G 59.90 D 16.48 | lr 2.00e-04
[2026-09-27T18:41:25] step 9600/20000 | G 3.216 (gan 0.889/0.893, cyc 0.179, idt 1.235) | D_A 0.534 D_B 0.552 | gnorm G 68.44 D 15.66 | lr 2.00e-04
[2026-09-27T18:41:30] step 9650/20000 | G 3.299 (gan 0.892/0.962, cyc 0.181, idt 1.311) | D_A 0.541 D_B 0.580 | gnorm G inf D 17.05 | lr 2.00e-04
[2026-09-27T18:41:34] step 9700/20000 | G 3.589 (gan 0.956/1.125, cyc 0.189, idt 1.355) | D_A 0.492 D_B 0.572 | gnorm G 85.27 D 16.95 | lr 2.00e-04
[2026-09-27T18:41:38] step 9750/20000 | G 3.423 (gan 0.926/0.977, cyc 0.190, idt 1.485) | D_A 0.522 D_B 0.566 | gnorm G 81.48 D 18.70 | lr 2.00e-04
[2026-09-27T18:41:43] step 9800/20000 | G 3.201 (gan 0.899/0.826, cyc 0.185, idt 1.141) | D_A 0.510 D_B 0.587 | gnorm G 60.15 D 18.28 | lr 2.00e-04
[2026-09-27T18:41:47] step 9850/20000 | G 3.324 (gan 0.896/0.952, cyc 0.185, idt 1.445) | D_A 0.547 D_B 0.591 | gnorm G 61.48 D 17.33 | lr 2.00e-04
[2026-09-27T18:41:50] step 9900/20000 | G 3.197 (gan 0.854/0.899, cyc 0.181, idt 1.398) | D_A 0.559 D_B 0.624 | gnorm G 58.76 D 17.56 | lr 2.00e-04
[2026-09-27T18:41:55] step 9950/20000 | G 3.379 (gan 0.882/1.009, cyc 0.186, idt 1.335) | D_A 0.545 D_B 0.571 | gnorm G 69.12 D 17.98 | lr 2.00e-04
[2026-09-27T18:41:59] step 10000/20000 | G 3.237 (gan 0.850/0.948, cyc 0.180, idt 1.509) | D_A 0.540 D_B 0.603 | gnorm G 69.21 D inf | lr 2.00e-04
[2026-09-27T18:42:16] step 10050/20000 | G 3.213 (gan 0.859/0.935, cyc 0.177, idt 2.245) | D_A 0.538 D_B 0.579 | gnorm G 64.10 D 16.70 | lr 1.99e-04
[2026-09-27T18:42:20] step 10100/20000 | G 3.402 (gan 0.946/0.983, cyc 0.184, idt 1.773) | D_A 0.508 D_B 0.563 | gnorm G 63.78 D 17.50 | lr 1.98e-04
[2026-09-27T18:42:25] step 10150/20000 | G 3.151 (gan 0.867/0.866, cyc 0.177, idt 1.978) | D_A 0.558 D_B 0.552 | gnorm G 61.92 D 17.92 | lr 1.97e-04
[2026-09-27T18:42:29] step 10200/20000 | G 3.210 (gan 0.923/0.868, cyc 0.177, idt 1.498) | D_A 0.545 D_B 0.563 | gnorm G 60.98 D 18.16 | lr 1.96e-04
[2026-09-27T18:42:34] step 10250/20000 | G 3.201 (gan 0.866/0.871, cyc 0.183, idt 1.463) | D_A 0.487 D_B 0.597 | gnorm G 50.24 D 18.34 | lr 1.95e-04
[2026-09-27T18:42:40] step 10300/20000 | G 3.467 (gan 0.904/1.129, cyc 0.179, idt 1.302) | D_A 0.507 D_B 0.570 | gnorm G 102.59 D 17.67 | lr 1.94e-04
[2026-09-27T18:42:45] step 10350/20000 | G 3.326 (gan 0.892/0.964, cyc 0.184, idt 1.870) | D_A 0.526 D_B 0.572 | gnorm G 66.04 D 18.11 | lr 1.93e-04
[2026-09-27T18:42:50] step 10400/20000 | G 3.231 (gan 0.964/0.828, cyc 0.180, idt 1.524) | D_A 0.547 D_B 0.555 | gnorm G 51.18 D 17.51 | lr 1.92e-04
[2026-09-27T18:42:55] step 10450/20000 | G 3.256 (gan 0.921/0.881, cyc 0.182, idt 2.090) | D_A 0.548 D_B 0.607 | gnorm G 57.92 D 19.15 | lr 1.91e-04
[2026-09-27T18:43:00] step 10500/20000 | G 3.132 (gan 0.898/0.873, cyc 0.170, idt 1.593) | D_A 0.523 D_B 0.573 | gnorm G 51.12 D 15.79 | lr 1.90e-04
[2026-09-27T18:43:05] step 10550/20000 | G 3.535 (gan 0.963/1.100, cyc 0.184, idt 1.413) | D_A 0.541 D_B 0.607 | gnorm G 87.78 D 20.42 | lr 1.89e-04
[2026-09-27T18:43:09] step 10600/20000 | G 3.415 (gan 0.877/1.042, cyc 0.187, idt 1.769) | D_A 0.431 D_B 0.561 | gnorm G 79.79 D 16.93 | lr 1.88e-04
[2026-09-27T18:43:13] step 10650/20000 | G 3.339 (gan 0.921/0.974, cyc 0.180, idt 1.927) | D_A 0.478 D_B 0.592 | gnorm G 84.89 D 19.32 | lr 1.87e-04
[2026-09-27T18:43:17] step 10700/20000 | G 3.250 (gan 0.880/0.963, cyc 0.176, idt 1.489) | D_A 0.488 D_B 0.570 | gnorm G 76.41 D 17.89 | lr 1.86e-04
[2026-09-27T18:43:22] step 10750/20000 | G 3.188 (gan 0.975/0.833, cyc 0.173, idt 1.302) | D_A 0.522 D_B 0.533 | gnorm G 61.23 D 20.15 | lr 1.85e-04
[2026-09-27T18:43:26] step 10800/20000 | G 3.517 (gan 0.973/1.034, cyc 0.189, idt 1.443) | D_A 0.483 D_B 0.586 | gnorm G 84.19 D 18.93 | lr 1.84e-04
[2026-09-27T18:43:30] step 10850/20000 | G 3.119 (gan 0.837/0.908, cyc 0.172, idt 1.872) | D_A 0.534 D_B 0.600 | gnorm G 58.36 D 19.76 | lr 1.83e-04
[2026-09-27T18:43:34] step 10900/20000 | G 3.161 (gan 0.879/0.855, cyc 0.178, idt 1.431) | D_A 0.513 D_B 0.570 | gnorm G 65.62 D 18.80 | lr 1.82e-04
[2026-09-27T18:43:38] step 10950/20000 | G 3.399 (gan 0.938/1.016, cyc 0.180, idt 1.559) | D_A 0.495 D_B 0.576 | gnorm G 75.26 D 19.85 | lr 1.81e-04
[2026-09-27T18:43:42] step 11000/20000 | G 3.242 (gan 0.902/0.893, cyc 0.181, idt 1.259) | D_A 0.527 D_B 0.586 | gnorm G 73.55 D 19.15 | lr 1.80e-04
[2026-09-27T18:43:54] step 11050/20000 | G 3.556 (gan 0.965/1.072, cyc 0.190, idt 1.152) | D_A 0.477 D_B 0.549 | gnorm G 94.79 D 18.15 | lr 1.79e-04
[2026-09-27T18:43:58] step 11100/20000 | G 3.311 (gan 0.920/0.943, cyc 0.181, idt 1.163) | D_A 0.488 D_B 0.573 | gnorm G 77.22 D 19.68 | lr 1.78e-04
[2026-09-27T18:44:03] step 11150/20000 | G 3.335 (gan 0.962/0.946, cyc 0.178, idt 1.378) | D_A 0.502 D_B 0.564 | gnorm G 54.08 D 19.92 | lr 1.77e-04
[2026-09-27T18:44:08] step 11200/20000 | G 3.374 (gan 0.884/1.021, cyc 0.184, idt 1.880) | D_A 0.504 D_B 0.511 | gnorm G 54.87 D 19.56 | lr 1.76e-04
[2026-09-27T18:44:13] step 11250/20000 | G 3.177 (gan 0.866/0.877, cyc 0.179, idt 1.774) | D_A 0.523 D_B 0.577 | gnorm G 59.60 D 19.90 | lr 1.75e-04
[2026-09-27T18:44:18] step 11300/20000 | G 3.364 (gan 0.912/0.984, cyc 0.184, idt 1.804) | D_A 0.510 D_B 0.572 | gnorm G 72.57 D 20.28 | lr 1.74e-04
[2026-09-27T18:44:23] step 11350/20000 | G 3.420 (gan 0.954/0.980, cyc 0.186, idt 1.691) | D_A 0.537 D_B 0.541 | gnorm G 68.63 D 19.54 | lr 1.73e-04
[2026-09-27T18:44:29] step 11400/20000 | G 3.215 (gan 0.920/0.877, cyc 0.177, idt 2.140) | D_A 0.542 D_B 0.550 | gnorm G 65.25 D 20.44 | lr 1.72e-04
[2026-09-27T18:44:34] step 11450/20000 | G 3.217 (gan 0.912/0.907, cyc 0.175, idt 1.212) | D_A 0.507 D_B 0.555 | gnorm G 65.99 D 19.62 | lr 1.71e-04
[2026-09-27T18:44:39] step 11500/20000 | G 3.131 (gan 0.880/0.846, cyc 0.176, idt 1.765) | D_A 0.555 D_B 0.607 | gnorm G 55.58 D 21.74 | lr 1.70e-04
[2026-09-27T18:44:43] step 11550/20000 | G 3.297 (gan 0.923/0.921, cyc 0.182, idt 1.475) | D_A 0.531 D_B 0.550 | gnorm G 70.66 D 20.43 | lr 1.69e-04
[2026-09-27T18:44:47] step 11600/20000 | G 3.355 (gan 0.966/0.946, cyc 0.180, idt 1.371) | D_A 0.524 D_B 0.550 | gnorm G 73.28 D 19.94 | lr 1.68e-04
[2026-09-27T18:44:51] step 11650/20000 | G 3.386 (gan 0.924/1.015, cyc 0.181, idt 1.943) | D_A 0.504 D_B 0.542 | gnorm G 56.10 D 18.63 | lr 1.67e-04
[2026-09-27T18:44:55] step 11700/20000 | G 3.185 (gan 0.889/0.907, cyc 0.174, idt 1.388) | D_A 0.563 D_B 0.594 | gnorm G inf D 22.46 | lr 1.66e-04
[2026-09-27T18:45:00] step 11750/20000 | G 3.235 (gan 0.912/0.909, cyc 0.177, idt 2.089) | D_A 0.529 D_B 0.549 | gnorm G 59.11 D 19.87 | lr 1.65e-04
[2026-09-27T18:45:04] step 11800/20000 | G 3.174 (gan 0.904/0.928, cyc 0.168, idt 1.463) | D_A 0.567 D_B 0.535 | gnorm G 47.54 D 21.46 | lr 1.64e-04
[2026-09-27T18:45:08] step 11850/20000 | G 3.255 (gan 0.919/0.941, cyc 0.174, idt 1.952) | D_A 0.547 D_B 0.553 | gnorm G 47.22 D 20.56 | lr 1.63e-04
[2026-09-27T18:45:13] step 11900/20000 | G 3.442 (gan 1.038/0.921, cyc 0.185, idt 1.617) | D_A 0.545 D_B 0.527 | gnorm G 55.32 D 21.12 | lr 1.62e-04
[2026-09-27T18:45:17] step 11950/20000 | G 3.168 (gan 0.863/0.845, cyc 0.183, idt 1.197) | D_A 0.510 D_B 0.554 | gnorm G 51.56 D 19.64 | lr 1.61e-04
[2026-09-27T18:45:21] step 12000/20000 | G 3.109 (gan 0.809/0.878, cyc 0.178, idt 1.180) | D_A 0.546 D_B 0.578 | gnorm G 48.17 D inf | lr 1.60e-04
[2026-09-27T18:45:31] step 12050/20000 | G 3.332 (gan 0.911/0.981, cyc 0.180, idt 1.555) | D_A 0.492 D_B 0.553 | gnorm G 63.84 D 19.32 | lr 1.59e-04
[2026-09-27T18:45:35] step 12100/20000 | G 3.240 (gan 0.889/0.900, cyc 0.181, idt 2.060) | D_A 0.500 D_B 0.551 | gnorm G 68.82 D 20.72 | lr 1.58e-04
[2026-09-27T18:45:40] step 12150/20000 | G 3.345 (gan 0.976/0.920, cyc 0.181, idt 1.614) | D_A 0.501 D_B 0.557 | gnorm G 62.38 D 20.45 | lr 1.57e-04
[2026-09-27T18:45:46] step 12200/20000 | G 3.457 (gan 0.930/1.074, cyc 0.182, idt 1.417) | D_A 0.486 D_B 0.559 | gnorm G 67.53 D 20.62 | lr 1.56e-04
[2026-09-27T18:45:50] step 12250/20000 | G 3.521 (gan 1.042/0.951, cyc 0.191, idt 1.322) | D_A 0.496 D_B 0.493 | gnorm G 63.37 D 22.10 | lr 1.55e-04
[2026-09-27T18:45:56] step 12300/20000 | G 3.407 (gan 0.976/0.968, cyc 0.183, idt 1.377) | D_A 0.507 D_B 0.557 | gnorm G 51.58 D 21.99 | lr 1.54e-04
[2026-09-27T18:46:01] step 12350/20000 | G 3.271 (gan 0.942/0.907, cyc 0.178, idt 1.706) | D_A 0.496 D_B 0.546 | gnorm G 55.19 D 19.25 | lr 1.53e-04
[2026-09-27T18:46:05] step 12400/20000 | G 3.199 (gan 0.820/0.946, cyc 0.179, idt 1.297) | D_A 0.528 D_B 0.574 | gnorm G 70.05 D 19.90 | lr 1.52e-04
[2026-09-27T18:46:11] step 12450/20000 | G 3.199 (gan 0.892/0.935, cyc 0.172, idt 1.176) | D_A 0.539 D_B 0.567 | gnorm G 53.30 D 22.34 | lr 1.51e-04
[2026-09-27T18:46:16] step 12500/20000 | G 3.159 (gan 0.948/0.843, cyc 0.171, idt 1.566) | D_A 0.487 D_B 0.543 | gnorm G 64.57 D 21.44 | lr 1.50e-04
[2026-09-27T18:46:20] step 12550/20000 | G 3.371 (gan 1.012/0.927, cyc 0.179, idt 1.983) | D_A 0.535 D_B 0.505 | gnorm G 69.18 D 20.79 | lr 1.49e-04
[2026-09-27T18:46:26] step 12600/20000 | G 3.305 (gan 0.924/0.997, cyc 0.173, idt 1.449) | D_A 0.536 D_B 0.541 | gnorm G 68.94 D 23.68 | lr 1.48e-04
[2026-09-27T18:46:30] step 12650/20000 | G 3.166 (gan 0.887/0.869, cyc 0.176, idt 1.239) | D_A 0.516 D_B 0.545 | gnorm G 47.32 D 20.95 | lr 1.47e-04
[2026-09-27T18:46:34] step 12700/20000 | G 3.218 (gan 0.884/0.936, cyc 0.175, idt 1.572) | D_A 0.539 D_B 0.605 | gnorm G 53.28 D 21.81 | lr 1.46e-04
[2026-09-27T18:46:39] step 12750/20000 | G 3.303 (gan 0.944/0.921, cyc 0.180, idt 1.039) | D_A 0.544 D_B 0.532 | gnorm G 57.24 D 23.84 | lr 1.45e-04
[2026-09-27T18:46:43] step 12800/20000 | G 3.315 (gan 0.900/0.978, cyc 0.180, idt 1.266) | D_A 0.535 D_B 0.560 | gnorm G 53.83 D 23.46 | lr 1.44e-04
[2026-09-27T18:46:47] step 12850/20000 | G 3.192 (gan 0.910/0.900, cyc 0.173, idt 1.138) | D_A 0.551 D_B 0.523 | gnorm G 60.55 D 19.88 | lr 1.43e-04
[2026-09-27T18:46:51] step 12900/20000 | G 3.194 (gan 0.916/0.906, cyc 0.171, idt 1.444) | D_A 0.526 D_B 0.546 | gnorm G 50.57 D 22.88 | lr 1.42e-04
[2026-09-27T18:46:55] step 12950/20000 | G 3.283 (gan 0.945/0.955, cyc 0.173, idt 1.891) | D_A 0.510 D_B 0.528 | gnorm G 53.13 D 22.24 | lr 1.41e-04
[2026-09-27T18:46:59] step 13000/20000 | G 3.228 (gan 0.982/0.910, cyc 0.167, idt 1.561) | D_A 0.548 D_B 0.545 | gnorm G 51.50 D 23.30 | lr 1.40e-04
[2026-09-27T18:47:10] step 13050/20000 | G 3.319 (gan 0.999/0.929, cyc 0.174, idt 0.968) | D_A 0.567 D_B 0.548 | gnorm G 47.47 D 22.08 | lr 1.39e-04
[2026-09-27T18:47:14] step 13100/20000 | G 3.358 (gan 1.022/0.959, cyc 0.172, idt 1.417) | D_A 0.541 D_B 0.565 | gnorm G 54.77 D 23.18 | lr 1.38e-04
[2026-09-27T18:47:19] step 13150/20000 | G 3.179 (gan 0.886/0.938, cyc 0.169, idt 1.827) | D_A 0.495 D_B 0.558 | gnorm G 42.00 D 22.92 | lr 1.37e-04
[2026-09-27T18:47:25] step 13200/20000 | G 3.416 (gan 0.989/1.016, cyc 0.176, idt 1.145) | D_A 0.540 D_B 0.567 | gnorm G 61.43 D 22.84 | lr 1.36e-04
[2026-09-27T18:47:29] step 13250/20000 | G 3.222 (gan 0.914/0.936, cyc 0.172, idt 1.521) | D_A 0.523 D_B 0.572 | gnorm G 54.45 D 21.69 | lr 1.35e-04
[2026-09-27T18:47:35] step 13300/20000 | G 3.574 (gan 0.991/1.134, cyc 0.181, idt 1.381) | D_A 0.467 D_B 0.535 | gnorm G 76.70 D 21.56 | lr 1.34e-04
[2026-09-27T18:47:40] step 13350/20000 | G 3.428 (gan 0.959/1.060, cyc 0.176, idt 1.294) | D_A 0.478 D_B 0.544 | gnorm G 64.68 D 22.38 | lr 1.33e-04
[2026-09-27T18:47:45] step 13400/20000 | G 3.436 (gan 0.938/0.992, cyc 0.188, idt 1.346) | D_A 0.502 D_B 0.530 | gnorm G 72.25 D 21.63 | lr 1.32e-04
[2026-09-27T18:47:51] step 13450/20000 | G 3.342 (gan 0.968/0.944, cyc 0.179, idt 1.441) | D_A 0.508 D_B 0.517 | gnorm G 61.32 D 22.68 | lr 1.31e-04
[2026-09-27T18:47:55] step 13500/20000 | G 3.206 (gan 0.844/0.946, cyc 0.177, idt 1.366) | D_A 0.486 D_B 0.528 | gnorm G 63.00 D 22.45 | lr 1.30e-04
[2026-09-27T18:48:00] step 13550/20000 | G 3.219 (gan 0.907/0.940, cyc 0.172, idt 2.027) | D_A 0.505 D_B 0.529 | gnorm G 74.88 D 23.89 | lr 1.29e-04
[2026-09-27T18:48:05] step 13600/20000 | G 3.381 (gan 0.917/1.047, cyc 0.177, idt 1.290) | D_A 0.533 D_B 0.578 | gnorm G 67.23 D 24.52 | lr 1.28e-04
[2026-09-27T18:48:09] step 13650/20000 | G 3.261 (gan 0.969/0.894, cyc 0.175, idt 1.567) | D_A 0.469 D_B 0.528 | gnorm G 47.48 D inf | lr 1.27e-04
[2026-09-27T18:48:13] step 13700/20000 | G 3.478 (gan 1.002/1.049, cyc 0.178, idt 1.499) | D_A 0.530 D_B 0.520 | gnorm G 66.88 D 22.92 | lr 1.26e-04
[2026-09-27T18:48:18] step 13750/20000 | G 3.352 (gan 0.961/0.995, cyc 0.175, idt 1.320) | D_A 0.517 D_B 0.583 | gnorm G inf D 24.26 | lr 1.25e-04
[2026-09-27T18:48:22] step 13800/20000 | G 3.247 (gan 0.913/0.941, cyc 0.174, idt 1.261) | D_A 0.497 D_B 0.531 | gnorm G 58.22 D 22.26 | lr 1.24e-04
[2026-09-27T18:48:26] step 13850/20000 | G 3.351 (gan 0.997/0.971, cyc 0.173, idt 1.307) | D_A 0.542 D_B 0.494 | gnorm G 53.53 D 22.61 | lr 1.23e-04
[2026-09-27T18:48:30] step 13900/20000 | G 3.348 (gan 0.992/0.968, cyc 0.173, idt 1.334) | D_A 0.471 D_B 0.479 | gnorm G 67.94 D 20.30 | lr 1.22e-04
[2026-09-27T18:48:35] step 13950/20000 | G 3.378 (gan 0.967/1.005, cyc 0.176, idt 1.633) | D_A 0.549 D_B 0.502 | gnorm G 57.29 D 26.55 | lr 1.21e-04
[2026-09-27T18:48:38] step 14000/20000 | G 3.544 (gan 1.067/1.048, cyc 0.179, idt 1.792) | D_A 0.511 D_B 0.537 | gnorm G 55.14 D 24.86 | lr 1.20e-04
[2026-09-27T18:48:49] step 14050/20000 | G 3.281 (gan 0.914/0.966, cyc 0.175, idt 1.741) | D_A 0.491 D_B 0.531 | gnorm G 52.09 D 23.07 | lr 1.19e-04
[2026-09-27T18:48:53] step 14100/20000 | G 3.361 (gan 0.924/1.038, cyc 0.175, idt 1.019) | D_A 0.564 D_B 0.578 | gnorm G 62.92 D 26.29 | lr 1.18e-04
[2026-09-27T18:48:58] step 14150/20000 | G 3.364 (gan 0.969/1.006, cyc 0.174, idt 1.562) | D_A 0.514 D_B 0.546 | gnorm G 71.19 D 25.26 | lr 1.17e-04
[2026-09-27T18:49:03] step 14200/20000 | G 3.317 (gan 0.989/0.914, cyc 0.177, idt 1.453) | D_A 0.504 D_B 0.525 | gnorm G 69.99 D 24.00 | lr 1.16e-04
[2026-09-27T18:49:08] step 14250/20000 | G 3.438 (gan 0.981/1.081, cyc 0.172, idt 1.462) | D_A 0.504 D_B 0.564 | gnorm G 65.94 D 24.41 | lr 1.15e-04
[2026-09-27T18:49:13] step 14300/20000 | G 3.395 (gan 0.969/1.017, cyc 0.176, idt 1.511) | D_A 0.472 D_B 0.562 | gnorm G 50.36 D 23.46 | lr 1.14e-04
[2026-09-27T18:49:19] step 14350/20000 | G 3.294 (gan 0.988/0.889, cyc 0.177, idt 1.552) | D_A 0.539 D_B 0.541 | gnorm G 48.08 D 25.24 | lr 1.13e-04
[2026-09-27T18:49:23] step 14400/20000 | G 3.425 (gan 1.094/0.954, cyc 0.172, idt 2.143) | D_A 0.505 D_B 0.492 | gnorm G 60.93 D 26.34 | lr 1.12e-04
[2026-09-27T18:49:29] step 14450/20000 | G 3.263 (gan 0.945/0.938, cyc 0.172, idt 1.163) | D_A 0.563 D_B 0.547 | gnorm G 50.60 D 27.22 | lr 1.11e-04
[2026-09-27T18:49:34] step 14500/20000 | G 3.454 (gan 0.989/1.015, cyc 0.181, idt 1.409) | D_A 0.474 D_B 0.547 | gnorm G 58.13 D 23.74 | lr 1.10e-04
[2026-09-27T18:49:38] step 14550/20000 | G 3.400 (gan 1.011/1.001, cyc 0.173, idt 1.363) | D_A 0.503 D_B 0.513 | gnorm G 46.09 D 24.79 | lr 1.09e-04
[2026-09-27T18:49:42] step 14600/20000 | G 3.280 (gan 0.908/0.986, cyc 0.173, idt 1.580) | D_A 0.509 D_B 0.549 | gnorm G 45.99 D 25.59 | lr 1.08e-04
[2026-09-27T18:49:47] step 14650/20000 | G 3.455 (gan 0.992/1.061, cyc 0.175, idt 1.449) | D_A 0.486 D_B 0.537 | gnorm G 58.17 D 24.39 | lr 1.07e-04
[2026-09-27T18:49:51] step 14700/20000 | G 3.416 (gan 0.925/1.124, cyc 0.171, idt 1.830) | D_A 0.472 D_B 0.549 | gnorm G 72.91 D 26.67 | lr 1.06e-04
[2026-09-27T18:49:55] step 14750/20000 | G 3.366 (gan 0.974/0.994, cyc 0.175, idt 1.532) | D_A 0.560 D_B 0.553 | gnorm G 45.54 D 25.20 | lr 1.05e-04
[2026-09-27T18:50:00] step 14800/20000 | G 3.284 (gan 0.971/1.000, cyc 0.164, idt 1.593) | D_A 0.487 D_B 0.569 | gnorm G 48.40 D 25.68 | lr 1.04e-04
[2026-09-27T18:50:04] step 14850/20000 | G 3.237 (gan 0.993/0.923, cyc 0.165, idt 1.107) | D_A 0.493 D_B 0.531 | gnorm G 49.54 D 24.82 | lr 1.03e-04
[2026-09-27T18:50:08] step 14900/20000 | G 3.417 (gan 1.020/0.980, cyc 0.177, idt 1.196) | D_A 0.546 D_B 0.512 | gnorm G 58.85 D 25.49 | lr 1.02e-04
[2026-09-27T18:50:12] step 14950/20000 | G 3.374 (gan 0.962/1.025, cyc 0.173, idt 1.251) | D_A 0.526 D_B 0.536 | gnorm G 64.34 D 26.47 | lr 1.01e-04
[2026-09-27T18:50:16] step 15000/20000 | G 3.445 (gan 0.919/1.092, cyc 0.179, idt 1.234) | D_A 0.491 D_B 0.537 | gnorm G 59.42 D 26.65 | lr 1.00e-04
[2026-09-27T18:50:27] step 15050/20000 | G 3.493 (gan 1.083/1.011, cyc 0.175, idt 1.492) | D_A 0.474 D_B 0.507 | gnorm G 51.82 D 26.26 | lr 9.90e-05
[2026-09-27T18:50:31] step 15100/20000 | G 3.383 (gan 1.007/0.980, cyc 0.174, idt 1.076) | D_A 0.512 D_B 0.497 | gnorm G 45.92 D 25.84 | lr 9.80e-05
[2026-09-27T18:50:36] step 15150/20000 | G 3.283 (gan 0.961/0.954, cyc 0.171, idt 1.555) | D_A 0.546 D_B 0.527 | gnorm G 48.75 D 27.43 | lr 9.70e-05
[2026-09-27T18:50:42] step 15200/20000 | G 3.128 (gan 0.857/0.950, cyc 0.165, idt 1.822) | D_A 0.525 D_B 0.566 | gnorm G 49.76 D 27.19 | lr 9.60e-05
[2026-09-27T18:50:46] step 15250/20000 | G 3.360 (gan 0.955/1.050, cyc 0.169, idt 1.146) | D_A 0.492 D_B 0.529 | gnorm G 54.51 D 27.21 | lr 9.50e-05
[2026-09-27T18:50:51] step 15300/20000 | G 3.511 (gan 1.029/1.076, cyc 0.176, idt 1.579) | D_A 0.513 D_B 0.570 | gnorm G 52.62 D 29.56 | lr 9.40e-05
[2026-09-27T18:50:57] step 15350/20000 | G 3.301 (gan 1.011/0.909, cyc 0.173, idt 1.299) | D_A 0.507 D_B 0.542 | gnorm G 54.03 D 27.66 | lr 9.30e-05
[2026-09-27T18:51:02] step 15400/20000 | G 3.345 (gan 0.981/1.022, cyc 0.168, idt 1.262) | D_A 0.524 D_B 0.529 | gnorm G 68.99 D 24.79 | lr 9.20e-05
[2026-09-27T18:51:06] step 15450/20000 | G 3.275 (gan 0.891/0.992, cyc 0.174, idt 2.031) | D_A 0.483 D_B 0.513 | gnorm G 65.20 D 25.52 | lr 9.10e-05
[2026-09-27T18:51:11] step 15500/20000 | G 3.258 (gan 0.947/0.962, cyc 0.169, idt 1.309) | D_A 0.499 D_B 0.506 | gnorm G 43.57 D 23.58 | lr 9.00e-05
[2026-09-27T18:51:15] step 15550/20000 | G 3.356 (gan 0.987/0.993, cyc 0.172, idt 1.654) | D_A 0.512 D_B 0.513 | gnorm G 52.06 D 26.12 | lr 8.90e-05
[2026-09-27T18:51:19] step 15600/20000 | G 3.454 (gan 0.975/1.071, cyc 0.176, idt 2.330) | D_A 0.472 D_B 0.518 | gnorm G 54.71 D 23.51 | lr 8.80e-05
[2026-09-27T18:51:24] step 15650/20000 | G 3.282 (gan 0.993/0.930, cyc 0.170, idt 1.591) | D_A 0.484 D_B 0.530 | gnorm G 56.31 D 25.41 | lr 8.70e-05
[2026-09-27T18:51:28] step 15700/20000 | G 3.251 (gan 0.982/0.905, cyc 0.170, idt 1.630) | D_A 0.494 D_B 0.490 | gnorm G 50.30 D 25.29 | lr 8.60e-05
[2026-09-27T18:51:32] step 15750/20000 | G 3.494 (gan 1.025/1.048, cyc 0.178, idt 1.427) | D_A 0.464 D_B 0.522 | gnorm G 66.05 D 24.81 | lr 8.50e-05
[2026-09-27T18:51:37] step 15800/20000 | G 3.349 (gan 0.905/1.050, cyc 0.174, idt 1.290) | D_A 0.493 D_B 0.540 | gnorm G 54.70 D 28.78 | lr 8.40e-05
[2026-09-27T18:51:41] step 15850/20000 | G 3.377 (gan 0.975/1.004, cyc 0.175, idt 1.849) | D_A 0.516 D_B 0.547 | gnorm G 53.16 D 28.54 | lr 8.30e-05
[2026-09-27T18:51:45] step 15900/20000 | G 3.352 (gan 0.959/1.035, cyc 0.170, idt 2.102) | D_A 0.467 D_B 0.526 | gnorm G 62.44 D 27.28 | lr 8.20e-05
[2026-09-27T18:51:48] step 15950/20000 | G 3.349 (gan 1.018/1.006, cyc 0.166, idt 1.093) | D_A 0.503 D_B 0.537 | gnorm G 49.78 D 27.85 | lr 8.10e-05
[2026-09-27T18:51:53] step 16000/20000 | G 3.294 (gan 0.994/0.954, cyc 0.168, idt 1.721) | D_A 0.507 D_B 0.500 | gnorm G 47.97 D 24.83 | lr 8.00e-05
[2026-09-27T18:52:04] step 16050/20000 | G 3.522 (gan 1.025/1.057, cyc 0.180, idt 1.378) | D_A 0.519 D_B 0.484 | gnorm G 58.01 D 28.26 | lr 7.90e-05
[2026-09-27T18:52:08] step 16100/20000 | G 3.298 (gan 0.998/0.973, cyc 0.166, idt 1.662) | D_A 0.545 D_B 0.526 | gnorm G 52.71 D 29.47 | lr 7.80e-05
[2026-09-27T18:52:12] step 16150/20000 | G 3.375 (gan 0.988/1.026, cyc 0.170, idt 1.328) | D_A 0.488 D_B 0.508 | gnorm G 51.12 D inf | lr 7.70e-05
[2026-09-27T18:52:17] step 16200/20000 | G 3.451 (gan 1.016/1.046, cyc 0.174, idt 1.162) | D_A 0.519 D_B 0.551 | gnorm G 55.95 D 29.22 | lr 7.60e-05
[2026-09-27T18:52:23] step 16250/20000 | G 3.497 (gan 1.059/1.097, cyc 0.168, idt 1.628) | D_A 0.506 D_B 0.494 | gnorm G 62.37 D 29.90 | lr 7.50e-05
[2026-09-27T18:52:27] step 16300/20000 | G 3.416 (gan 1.027/1.035, cyc 0.169, idt 1.609) | D_A 0.489 D_B 0.513 | gnorm G 49.77 D 26.10 | lr 7.40e-05
[2026-09-27T18:52:32] step 16350/20000 | G 3.560 (gan 1.056/1.077, cyc 0.178, idt 1.507) | D_A 0.466 D_B 0.475 | gnorm G 50.88 D 28.33 | lr 7.30e-05
[2026-09-27T18:52:38] step 16400/20000 | G 3.333 (gan 1.016/0.966, cyc 0.169, idt 1.530) | D_A 0.537 D_B 0.519 | gnorm G 49.20 D 28.68 | lr 7.20e-05
[2026-09-27T18:52:42] step 16450/20000 | G 3.420 (gan 1.073/1.009, cyc 0.167, idt 1.310) | D_A 0.497 D_B 0.507 | gnorm G 47.03 D 26.16 | lr 7.10e-05
[2026-09-27T18:52:47] step 16500/20000 | G 3.573 (gan 1.098/1.031, cyc 0.180, idt 1.752) | D_A 0.468 D_B 0.509 | gnorm G 60.38 D 28.72 | lr 7.00e-05
[2026-09-27T18:52:51] step 16550/20000 | G 3.472 (gan 1.071/0.987, cyc 0.177, idt 1.459) | D_A 0.497 D_B 0.513 | gnorm G 51.70 D 28.05 | lr 6.90e-05
[2026-09-27T18:52:55] step 16600/20000 | G 3.384 (gan 1.015/0.963, cyc 0.176, idt 1.326) | D_A 0.560 D_B 0.553 | gnorm G 47.63 D 28.76 | lr 6.80e-05
[2026-09-27T18:53:00] step 16650/20000 | G 3.592 (gan 1.123/1.077, cyc 0.174, idt 1.758) | D_A 0.445 D_B 0.469 | gnorm G 66.93 D 25.25 | lr 6.70e-05
[2026-09-27T18:53:04] step 16700/20000 | G 3.551 (gan 1.040/1.102, cyc 0.176, idt 1.156) | D_A 0.486 D_B 0.499 | gnorm G 55.63 D 25.73 | lr 6.60e-05
[2026-09-27T18:53:09] step 16750/20000 | G 3.430 (gan 1.015/1.011, cyc 0.176, idt 1.470) | D_A 0.463 D_B 0.536 | gnorm G 48.96 D 28.30 | lr 6.50e-05
[2026-09-27T18:53:13] step 16800/20000 | G 3.272 (gan 0.958/0.933, cyc 0.173, idt 1.208) | D_A 0.537 D_B 0.522 | gnorm G 43.28 D 29.28 | lr 6.40e-05
[2026-09-27T18:53:17] step 16850/20000 | G 3.382 (gan 1.016/0.996, cyc 0.171, idt 0.971) | D_A 0.518 D_B 0.520 | gnorm G 51.01 D 28.13 | lr 6.30e-05
[2026-09-27T18:53:21] step 16900/20000 | G 3.450 (gan 1.036/0.954, cyc 0.182, idt 1.446) | D_A 0.507 D_B 0.507 | gnorm G 51.26 D 25.86 | lr 6.20e-05
[2026-09-27T18:53:25] step 16950/20000 | G 3.439 (gan 1.084/0.984, cyc 0.171, idt 1.355) | D_A 0.476 D_B 0.494 | gnorm G 43.13 D 27.11 | lr 6.10e-05
[2026-09-27T18:53:29] step 17000/20000 | G 3.405 (gan 1.063/0.986, cyc 0.170, idt 1.423) | D_A 0.480 D_B 0.482 | gnorm G 46.65 D 26.69 | lr 6.00e-05
[2026-09-27T18:53:40] step 17050/20000 | G 3.651 (gan 1.080/1.142, cyc 0.179, idt 1.831) | D_A 0.509 D_B 0.542 | gnorm G inf D 30.07 | lr 5.90e-05
[2026-09-27T18:53:44] step 17100/20000 | G 3.333 (gan 0.944/1.042, cyc 0.168, idt 1.800) | D_A 0.532 D_B 0.555 | gnorm G 49.86 D 31.82 | lr 5.80e-05
[2026-09-27T18:53:50] step 17150/20000 | G 3.330 (gan 0.930/1.024, cyc 0.172, idt 1.541) | D_A 0.519 D_B 0.574 | gnorm G 49.03 D 31.18 | lr 5.70e-05
[2026-09-27T18:53:55] step 17200/20000 | G 3.564 (gan 1.081/1.094, cyc 0.174, idt 1.545) | D_A 0.475 D_B 0.491 | gnorm G 55.73 D 25.73 | lr 5.60e-05
[2026-09-27T18:54:00] step 17250/20000 | G 3.497 (gan 1.045/1.065, cyc 0.173, idt 0.782) | D_A 0.480 D_B 0.502 | gnorm G 52.43 D 26.26 | lr 5.50e-05
[2026-09-27T18:54:05] step 17300/20000 | G 3.446 (gan 1.065/1.032, cyc 0.169, idt 1.703) | D_A 0.474 D_B 0.537 | gnorm G 55.61 D 28.70 | lr 5.40e-05
[2026-09-27T18:54:10] step 17350/20000 | G 3.338 (gan 1.030/1.010, cyc 0.162, idt 1.626) | D_A 0.488 D_B 0.494 | gnorm G 53.87 D 29.71 | lr 5.30e-05
[2026-09-27T18:54:16] step 17400/20000 | G 3.456 (gan 1.031/1.038, cyc 0.173, idt 1.657) | D_A 0.490 D_B 0.523 | gnorm G 56.51 D 30.18 | lr 5.20e-05
[2026-09-27T18:54:21] step 17450/20000 | G 3.636 (gan 1.063/1.140, cyc 0.179, idt 1.343) | D_A 0.463 D_B 0.502 | gnorm G 55.39 D 27.80 | lr 5.10e-05
[2026-09-27T18:54:25] step 17500/20000 | G 3.319 (gan 1.048/0.961, cyc 0.164, idt 1.781) | D_A 0.505 D_B 0.527 | gnorm G 53.13 D 30.99 | lr 5.00e-05
[2026-09-27T18:54:30] step 17550/20000 | G 3.531 (gan 1.127/1.055, cyc 0.169, idt 1.636) | D_A 0.521 D_B 0.514 | gnorm G 45.53 D 30.73 | lr 4.90e-05
[2026-09-27T18:54:34] step 17600/20000 | G 3.411 (gan 1.068/1.003, cyc 0.168, idt 1.714) | D_A 0.519 D_B 0.515 | gnorm G 45.83 D 30.42 | lr 4.80e-05
[2026-09-27T18:54:38] step 17650/20000 | G 3.348 (gan 0.997/1.010, cyc 0.168, idt 1.665) | D_A 0.504 D_B 0.500 | gnorm G 50.20 D 31.72 | lr 4.70e-05
[2026-09-27T18:54:43] step 17700/20000 | G 3.407 (gan 1.065/0.961, cyc 0.173, idt 1.479) | D_A 0.532 D_B 0.533 | gnorm G 46.34 D 29.48 | lr 4.60e-05
[2026-09-27T18:54:47] step 17750/20000 | G 3.330 (gan 0.971/1.015, cyc 0.168, idt 1.789) | D_A 0.458 D_B 0.524 | gnorm G 48.04 D 30.14 | lr 4.50e-05
[2026-09-27T18:54:52] step 17800/20000 | G 3.629 (gan 1.092/1.144, cyc 0.174, idt 2.047) | D_A 0.490 D_B 0.480 | gnorm G 56.34 D 31.28 | lr 4.40e-05
[2026-09-27T18:54:56] step 17850/20000 | G 3.499 (gan 1.009/1.088, cyc 0.175, idt 1.743) | D_A 0.491 D_B 0.498 | gnorm G 50.63 D 29.33 | lr 4.30e-05
[2026-09-27T18:55:00] step 17900/20000 | G 3.423 (gan 1.029/1.059, cyc 0.167, idt 1.248) | D_A 0.500 D_B 0.509 | gnorm G 51.66 D 30.70 | lr 4.20e-05
[2026-09-27T18:55:04] step 17950/20000 | G 3.394 (gan 0.990/1.037, cyc 0.171, idt 1.263) | D_A 0.477 D_B 0.527 | gnorm G 50.76 D 28.81 | lr 4.10e-05
[2026-09-27T18:55:08] step 18000/20000 | G 3.412 (gan 1.091/1.017, cyc 0.163, idt 1.735) | D_A 0.491 D_B 0.525 | gnorm G 45.65 D 31.71 | lr 4.00e-05
[2026-09-27T18:55:19] step 18050/20000 | G 3.411 (gan 0.997/1.079, cyc 0.167, idt 1.781) | D_A 0.451 D_B 0.496 | gnorm G 48.87 D 29.30 | lr 3.90e-05
[2026-09-27T18:55:23] step 18100/20000 | G 3.515 (gan 1.093/1.058, cyc 0.171, idt 1.619) | D_A 0.522 D_B 0.523 | gnorm G 51.37 D 32.39 | lr 3.80e-05
[2026-09-27T18:55:28] step 18150/20000 | G 3.580 (gan 1.028/1.141, cyc 0.176, idt 1.087) | D_A 0.478 D_B 0.503 | gnorm G 56.53 D 27.57 | lr 3.70e-05
[2026-09-27T18:55:33] step 18200/20000 | G 3.503 (gan 1.058/1.105, cyc 0.168, idt 1.259) | D_A 0.505 D_B 0.512 | gnorm G 51.19 D 29.27 | lr 3.60e-05
[2026-09-27T18:55:38] step 18250/20000 | G 3.512 (gan 1.058/1.058, cyc 0.174, idt 1.485) | D_A 0.463 D_B 0.505 | gnorm G 43.99 D 28.09 | lr 3.50e-05
[2026-09-27T18:55:44] step 18300/20000 | G 3.494 (gan 1.081/1.047, cyc 0.171, idt 1.253) | D_A 0.496 D_B 0.486 | gnorm G 45.41 D 28.07 | lr 3.40e-05
[2026-09-27T18:55:48] step 18350/20000 | G 3.507 (gan 1.062/1.082, cyc 0.170, idt 1.372) | D_A 0.498 D_B 0.475 | gnorm G 45.55 D 27.01 | lr 3.30e-05
[2026-09-27T18:55:54] step 18400/20000 | G 3.360 (gan 1.057/1.028, cyc 0.159, idt 1.398) | D_A 0.529 D_B 0.491 | gnorm G 38.98 D 30.68 | lr 3.20e-05
[2026-09-27T18:55:59] step 18450/20000 | G 3.435 (gan 1.046/1.030, cyc 0.170, idt 1.650) | D_A 0.501 D_B 0.515 | gnorm G 44.37 D 30.35 | lr 3.10e-05
[2026-09-27T18:56:04] step 18500/20000 | G 3.318 (gan 1.009/0.964, cyc 0.168, idt 1.457) | D_A 0.524 D_B 0.535 | gnorm G 40.42 D 30.10 | lr 3.00e-05
[2026-09-27T18:56:08] step 18550/20000 | G 3.516 (gan 1.083/1.064, cyc 0.171, idt 2.206) | D_A 0.494 D_B 0.495 | gnorm G 47.25 D 28.04 | lr 2.90e-05
[2026-09-27T18:56:13] step 18600/20000 | G 3.569 (gan 1.076/1.089, cyc 0.176, idt 1.527) | D_A 0.489 D_B 0.521 | gnorm G 49.89 D 33.62 | lr 2.80e-05
[2026-09-27T18:56:17] step 18650/20000 | G 3.311 (gan 0.891/1.092, cyc 0.166, idt 1.244) | D_A 0.513 D_B 0.532 | gnorm G 49.80 D 33.85 | lr 2.70e-05
[2026-09-27T18:56:21] step 18700/20000 | G 3.435 (gan 1.108/0.995, cyc 0.166, idt 1.382) | D_A 0.517 D_B 0.499 | gnorm G 41.57 D 34.44 | lr 2.60e-05
[2026-09-27T18:56:26] step 18750/20000 | G 3.498 (gan 1.089/1.038, cyc 0.171, idt 1.382) | D_A 0.516 D_B 0.478 | gnorm G 41.50 D 30.54 | lr 2.50e-05
[2026-09-27T18:56:30] step 18800/20000 | G 3.379 (gan 1.078/0.995, cyc 0.163, idt 1.420) | D_A 0.522 D_B 0.529 | gnorm G 42.04 D 31.88 | lr 2.40e-05
[2026-09-27T18:56:34] step 18850/20000 | G 3.666 (gan 1.145/1.119, cyc 0.175, idt 1.546) | D_A 0.458 D_B 0.522 | gnorm G 46.95 D 27.94 | lr 2.30e-05
[2026-09-27T18:56:38] step 18900/20000 | G 3.442 (gan 1.106/1.002, cyc 0.167, idt 1.446) | D_A 0.536 D_B 0.457 | gnorm G 43.20 D inf | lr 2.20e-05
[2026-09-27T18:56:42] step 18950/20000 | G 3.527 (gan 1.047/1.077, cyc 0.175, idt 1.418) | D_A 0.501 D_B 0.505 | gnorm G 46.89 D 28.98 | lr 2.10e-05
[2026-09-27T18:56:46] step 19000/20000 | G 3.451 (gan 1.046/1.048, cyc 0.170, idt 1.269) | D_A 0.527 D_B 0.481 | gnorm G 43.27 D 27.94 | lr 2.00e-05
[2026-09-27T18:56:58] step 19050/20000 | G 3.491 (gan 1.042/1.080, cyc 0.171, idt 0.969) | D_A 0.512 D_B 0.515 | gnorm G 45.12 D 33.36 | lr 1.90e-05
[2026-09-27T18:57:02] step 19100/20000 | G 3.532 (gan 1.103/1.061, cyc 0.171, idt 1.676) | D_A 0.499 D_B 0.488 | gnorm G 41.88 D 29.82 | lr 1.80e-05
[2026-09-27T18:57:08] step 19150/20000 | G 3.505 (gan 1.059/1.096, cyc 0.169, idt 1.722) | D_A 0.488 D_B 0.506 | gnorm G 47.49 D 27.95 | lr 1.70e-05
[2026-09-27T18:57:13] step 19200/20000 | G 3.532 (gan 1.099/1.084, cyc 0.169, idt 1.367) | D_A 0.486 D_B 0.488 | gnorm G 41.60 D 28.42 | lr 1.60e-05
[2026-09-27T18:57:17] step 19250/20000 | G 3.528 (gan 1.111/1.069, cyc 0.169, idt 1.714) | D_A 0.512 D_B 0.530 | gnorm G 38.41 D 30.69 | lr 1.50e-05
[2026-09-27T18:57:23] step 19300/20000 | G 3.473 (gan 1.126/0.996, cyc 0.169, idt 1.767) | D_A 0.489 D_B 0.472 | gnorm G 39.74 D 30.71 | lr 1.40e-05
[2026-09-27T18:57:28] step 19350/20000 | G 3.478 (gan 1.080/1.079, cyc 0.165, idt 1.165) | D_A 0.537 D_B 0.476 | gnorm G 41.57 D 30.93 | lr 1.30e-05
[2026-09-27T18:57:32] step 19400/20000 | G 3.649 (gan 1.118/1.089, cyc 0.180, idt 1.510) | D_A 0.500 D_B 0.488 | gnorm G 40.56 D 30.23 | lr 1.20e-05
[2026-09-27T18:57:39] step 19450/20000 | G 3.601 (gan 1.105/1.102, cyc 0.174, idt 1.660) | D_A 0.456 D_B 0.491 | gnorm G 43.05 D 29.86 | lr 1.10e-05
[2026-09-27T18:57:43] step 19500/20000 | G 3.418 (gan 1.007/1.067, cyc 0.168, idt 1.392) | D_A 0.513 D_B 0.533 | gnorm G 42.29 D 30.02 | lr 1.00e-05
[2026-09-27T18:57:47] step 19550/20000 | G 3.522 (gan 1.044/1.111, cyc 0.171, idt 1.320) | D_A 0.497 D_B 0.504 | gnorm G 43.88 D 27.70 | lr 9.00e-06
[2026-09-27T18:57:52] step 19600/20000 | G 3.607 (gan 1.050/1.146, cyc 0.176, idt 1.301) | D_A 0.477 D_B 0.518 | gnorm G 44.04 D 27.83 | lr 8.00e-06
[2026-09-27T18:57:56] step 19650/20000 | G 3.510 (gan 1.049/1.107, cyc 0.169, idt 1.849) | D_A 0.487 D_B 0.510 | gnorm G 40.93 D 29.70 | lr 7.00e-06
[2026-09-27T18:58:00] step 19700/20000 | G 3.643 (gan 1.137/1.145, cyc 0.170, idt 1.056) | D_A 0.504 D_B 0.481 | gnorm G 40.17 D 27.75 | lr 6.00e-06
[2026-09-27T18:58:04] step 19750/20000 | G 3.436 (gan 1.108/1.066, cyc 0.158, idt 1.657) | D_A 0.521 D_B 0.500 | gnorm G 40.83 D 28.87 | lr 5.00e-06
[2026-09-27T18:58:09] step 19800/20000 | G 3.481 (gan 1.071/1.110, cyc 0.163, idt 1.189) | D_A 0.482 D_B 0.480 | gnorm G 39.30 D 26.56 | lr 4.00e-06
[2026-09-27T18:58:13] step 19850/20000 | G 3.470 (gan 1.050/1.081, cyc 0.167, idt 1.302) | D_A 0.518 D_B 0.491 | gnorm G 40.23 D 30.09 | lr 3.00e-06
[2026-09-27T18:58:17] step 19900/20000 | G 3.435 (gan 1.042/1.057, cyc 0.167, idt 1.377) | D_A 0.500 D_B 0.489 | gnorm G 40.30 D 27.95 | lr 2.00e-06
[2026-09-27T18:58:21] step 19950/20000 | G 3.540 (gan 1.157/1.023, cyc 0.170, idt 1.564) | D_A 0.482 D_B 0.474 | gnorm G 36.66 D 28.21 | lr 1.00e-06
[2026-09-27T18:58:25] step 20000/20000 | G 3.617 (gan 1.182/1.058, cyc 0.172, idt 1.348) | D_A 0.509 D_B 0.487 | gnorm G 37.98 D 29.56 | lr 0.00e+00
[2026-09-27T18:58:41] DONE 20000 steps | train time 32.7 min | 20.4 images/s | peak memory 1246 MB | non-finite steps 0
[2026-09-27T18:58:49] STABILITY {"D_A_loss_last20pct": 0.4992, "D_B_loss_last20pct": 0.5065, "G_adv_std_last20pct": 0.0512, "cycle_first_log": 0.66, "cycle_last20pct": 0.1707, "gnorm_G_max": Infinity, "gnorm_D_max": Infinity}
[2026-09-27T18:59:59] pred_A2B 300 images (65.8 img/s) | pred_B2A 7038 images (118.4 img/s) | peak inference memory 1283 MB
[2026-09-27T19:03:53] EVAL {"FID_B2A": 123.28288, "MiFID_B2A": 0.40464, "KID_B2A": 0.02879, "KID_std_B2A": 0.00352, "precision_B2A": 0.26667, "recall_B2A": 0.61333, "density_B2A": 0.16778, "coverage_B2A": 0.25667, "n_B2A": 300, "FID_A2B": 143.47715, "MiFID_A2B": 0.44304, "KID_A2B": 0.06137, "KID_std_A2B": 0.00568, "precision_A2B": 0.53333, "recall_A2B": 0.26333, "density_A2B": 0.51667, "coverage_A2B": 0.36333, "n_A2B": 300, "FID": 133.38002, "MiFID": 0.42384, "leaderboard_score_estimate": 66.90193}
[2026-09-27T19:07:40] MODEL METRICS {"cycle_L1_A2B": 0.04651, "identity_L1_A2B": 0.33015, "LPIPS_input_vs_translation_A2B": 0.54108, "LPIPS_input_vs_reconstruction_A2B": 0.35003, "content_cosine_A2B": 0.6773, "cycle_L1_B2A": 0.04423, "identity_L1_B2A": 0.43282, "LPIPS_input_vs_translation_B2A": 0.56258, "LPIPS_input_vs_reconstruction_B2A": 0.31645, "content_cosine_B2A": 0.65524}
[2026-09-27T19:08:04] AUDIT sheets not filled yet - fill both sheets and re-run cells 10-11
[2026-09-27T19:08:22] REPORT [{"group":"distribution","metric":"FID Monet->Photo","value":143.4771526184},{"group":"distribution","metric":"MiFID Monet->Photo","value":0.4430375695},{"group":"distribution","metric":"KID Monet->Photo","value":0.0613721721},{"group":"distribution","metric":"KID std Monet->Photo","value":0.0056803348},{"group":"distribution","metric":"precision Monet->Photo","value":0.5333333333},{"group":"distribution","metric":"recall Monet->Photo","value":0.2633333333},{"group":"distribution","metric":"density Monet->Photo","value":0.5166666667},{"group":"distribution","metric":"coverage Monet->Photo","value":0.3633333333},{"group":"cycle","metric":"cycle-reconstruction L1 Monet->Photo (0-1 scale)","value":0.0465122572},{"group":"cycle","metric":"identity L1 Monet->Photo (0-1 scale, not trained)","value":0.3301510486},{"group":"perceptual","metric":"LPIPS input vs translation Monet->Photo","value":0.5410790501},{"group":"perceptual","metric":"LPIPS input vs reconstruction Monet->Photo","value":0.3500285836},{"group":"perceptual","metric":"content-preservation cosine Monet->Photo","value":0.6772955611},{"group":"distribution","metric":"FID Photo->Monet","value":123.2828778393},{"group":"distribution","metric":"MiFID Photo->Monet","value":0.4046364725},{"group":"distribution","metric":"KID Photo->Monet","value":0.0287880134},{"group":"distribution","metric":"KID std Photo->Monet","value":0.0035157723},{"group":"distribution","metric":"precision Photo->Monet","value":0.2666666667},{"group":"distribution","metric":"recall Photo->Monet","value":0.6133333333},{"group":"distribution","metric":"density Photo->Monet","value":0.1677777778},{"group":"distribution","metric":"coverage Photo->Monet","value":0.2566666667},{"group":"cycle","metric":"cycle-reconstruction L1 Photo->Monet (0-1 scale)","value":0.0442277345},{"group":"cycle","metric":"identity L1 Photo->Monet (0-1 scale, not trained)","value":0.4328185902},{"group":"perceptual","metric":"LPIPS input vs translation Photo->Monet","value":0.5625769703},{"group":"perceptual","metric":"LPIPS input vs reconstruction Photo->Monet","value":0.316445889},{"group":"perceptual","metric":"content-preservation cosine Photo->Monet","value":0.6552383094},{"group":"kaggle","metric":"submission FID (mean of both directions)","value":133.3800152289},{"group":"kaggle","metric":"submission MiFID (mean of both directions)","value":0.423837021},{"group":"kaggle","metric":"leaderboard score estimate (FID + MiFID) \/ 2","value":66.9019261249},{"group":"kaggle","metric":"Kaggle public score","value":"to fill"},{"group":"kaggle","metric":"Kaggle private score","value":"to fill"},{"group":"kaggle","metric":"Kaggle leaderboard rank","value":"to fill"},{"group":"training (final logged)","metric":"G_total loss","value":3.6173064232},{"group":"training (final logged)","metric":"G_gan_AB loss","value":1.1815571797},{"group":"training (final logged)","metric":"G_gan_BA loss","value":1.0575878751},{"group":"training (final logged)","metric":"D_A loss","value":0.5092431355},{"group":"training (final logged)","metric":"D_B loss","value":0.4873743072},{"group":"training (final logged)","metric":"cycle loss","value":0.1722701734},{"group":"training (final logged)","metric":"identity loss","value":1.3478837013},{"group":"stability","metric":"D_A_loss_last20pct","value":0.4992312916},{"group":"stability","metric":"D_B_loss_last20pct","value":0.5065453273},{"group":"stability","metric":"G_adv_std_last20pct","value":0.0512438173},{"group":"stability","metric":"cycle_first_log","value":0.6600481296},{"group":"stability","metric":"cycle_last20pct","value":0.1706884765},{"group":"stability","metric":"gnorm_G_max","value":null},{"group":"stability","metric":"gnorm_D_max","value":null},{"group":"stability","metric":"non-finite (NaN\/Inf) steps","value":0},{"group":"human audit","metric":"status","value":"to fill: both rater sheets in outputs\/audit\/"},{"group":"efficiency","metric":"parameters G_AB","value":30604035},{"group":"efficiency","metric":"parameters G_BA","value":30604035},{"group":"efficiency","metric":"parameters D_A","value":662593},{"group":"efficiency","metric":"parameters D_B","value":662593},{"group":"efficiency","metric":"parameters total","value":62533256},{"group":"efficiency","metric":"training steps","value":20000},{"group":"efficiency","metric":"training time (min)","value":32.7397376339},{"group":"efficiency","metric":"training images\/sec","value":20.3626148176},{"group":"efficiency","metric":"inference images\/sec Monet->Photo","value":65.7525381765},{"group":"efficiency","metric":"inference images\/sec Photo->Monet","value":118.4356223014},{"group":"efficiency","metric":"peak memory training (MB)","value":1246.470703125},{"group":"efficiency","metric":"peak memory inference (MB)","value":1282.6020507812},{"group":"efficiency","metric":"device","value":"Tesla T4"}]
[2026-09-27T19:08:42] manifest -> reproducibility/manifests/task3_sadaf_20260927_181844.json
[2026-09-27T19:09:08] full pred_B2A zipped to /content/drive/MyDrive/DATA266_Lab1_Checkpoints/Task3_Sadaf/full
